Component: Arm Compiler for Embedded 6.21 Tool: armlink [5ec1fa00]

==============================================================================

Section Cross References

    dl_adc12.o(.ARM.exidx.text.DL_ADC12_setClockConfig) refers to dl_adc12.o(.text.DL_ADC12_setClockConfig) for [Anonymous Symbol]
    dl_adc12.o(.ARM.exidx.text.DL_ADC12_getClockConfig) refers to dl_adc12.o(.text.DL_ADC12_getClockConfig) for [Anonymous Symbol]
    dl_aes.o(.ARM.exidx.text.DL_AES_setKey) refers to dl_aes.o(.text.DL_AES_setKey) for [Anonymous Symbol]
    dl_aes.o(.ARM.exidx.text.DL_AES_setKeyAligned) refers to dl_aes.o(.text.DL_AES_setKeyAligned) for [Anonymous Symbol]
    dl_aes.o(.ARM.exidx.text.DL_AES_loadDataIn) refers to dl_aes.o(.text.DL_AES_loadDataIn) for [Anonymous Symbol]
    dl_aes.o(.ARM.exidx.text.DL_AES_loadDataInAligned) refers to dl_aes.o(.text.DL_AES_loadDataInAligned) for [Anonymous Symbol]
    dl_aes.o(.ARM.exidx.text.DL_AES_getDataOut) refers to dl_aes.o(.text.DL_AES_getDataOut) for [Anonymous Symbol]
    dl_aes.o(.ARM.exidx.text.DL_AES_getDataOutAligned) refers to dl_aes.o(.text.DL_AES_getDataOutAligned) for [Anonymous Symbol]
    dl_aes.o(.ARM.exidx.text.DL_AES_loadXORDataIn) refers to dl_aes.o(.text.DL_AES_loadXORDataIn) for [Anonymous Symbol]
    dl_aes.o(.ARM.exidx.text.DL_AES_loadXORDataInAligned) refers to dl_aes.o(.text.DL_AES_loadXORDataInAligned) for [Anonymous Symbol]
    dl_aes.o(.ARM.exidx.text.DL_AES_loadXORDataInWithoutTrigger) refers to dl_aes.o(.text.DL_AES_loadXORDataInWithoutTrigger) for [Anonymous Symbol]
    dl_aes.o(.ARM.exidx.text.DL_AES_loadXORDataInWithoutTriggerAligned) refers to dl_aes.o(.text.DL_AES_loadXORDataInWithoutTriggerAligned) for [Anonymous Symbol]
    dl_aes.o(.ARM.exidx.text.DL_AES_xorData) refers to dl_aes.o(.text.DL_AES_xorData) for [Anonymous Symbol]
    dl_aes.o(.ARM.exidx.text.DL_AES_xorDataAligned) refers to dl_aes.o(.text.DL_AES_xorDataAligned) for [Anonymous Symbol]
    dl_aes.o(.ARM.exidx.text.DL_AES_saveConfiguration) refers to dl_aes.o(.text.DL_AES_saveConfiguration) for [Anonymous Symbol]
    dl_aes.o(.ARM.exidx.text.DL_AES_restoreConfiguration) refers to dl_aes.o(.text.DL_AES_restoreConfiguration) for [Anonymous Symbol]
    dl_common.o(.ARM.exidx.text.DL_Common_delayCycles) refers to dl_common.o(.text.DL_Common_delayCycles) for [Anonymous Symbol]
    dl_crc.o(.ARM.exidx.text.DL_CRC_calculateBlock32) refers to dl_crc.o(.text.DL_CRC_calculateBlock32) for [Anonymous Symbol]
    dl_crc.o(.ARM.exidx.text.DL_CRC_calculateMemoryRange32) refers to dl_crc.o(.text.DL_CRC_calculateMemoryRange32) for [Anonymous Symbol]
    dl_crc.o(.ARM.exidx.text.DL_CRC_calculateBlock16) refers to dl_crc.o(.text.DL_CRC_calculateBlock16) for [Anonymous Symbol]
    dl_crc.o(.ARM.exidx.text.DL_CRC_calculateMemoryRange16) refers to dl_crc.o(.text.DL_CRC_calculateMemoryRange16) for [Anonymous Symbol]
    dl_dac12.o(.ARM.exidx.text.DL_DAC12_init) refers to dl_dac12.o(.text.DL_DAC12_init) for [Anonymous Symbol]
    dl_dac12.o(.ARM.exidx.text.DL_DAC12_outputBlocking8) refers to dl_dac12.o(.text.DL_DAC12_outputBlocking8) for [Anonymous Symbol]
    dl_dac12.o(.ARM.exidx.text.DL_DAC12_outputBlocking12) refers to dl_dac12.o(.text.DL_DAC12_outputBlocking12) for [Anonymous Symbol]
    dl_dac12.o(.ARM.exidx.text.DL_DAC12_fillFIFO8) refers to dl_dac12.o(.text.DL_DAC12_fillFIFO8) for [Anonymous Symbol]
    dl_dac12.o(.ARM.exidx.text.DL_DAC12_fillFIFO12) refers to dl_dac12.o(.text.DL_DAC12_fillFIFO12) for [Anonymous Symbol]
    dl_dac12.o(.ARM.exidx.text.DL_DAC12_performSelfCalibrationBlocking) refers to dl_dac12.o(.text.DL_DAC12_performSelfCalibrationBlocking) for [Anonymous Symbol]
    dl_dma.o(.ARM.exidx.text.DL_DMA_initChannel) refers to dl_dma.o(.text.DL_DMA_initChannel) for [Anonymous Symbol]
    dl_flashctl.o(.ARM.exidx.text.DL_FlashCTL_eraseMemory) refers to dl_flashctl.o(.text.DL_FlashCTL_eraseMemory) for [Anonymous Symbol]
    dl_flashctl.o(.text.DL_FlashCTL_eraseMemoryFromRAM) refers to dl_flashctl.o(.ramfunc) for DL_FlashCTL_executeCommandFromRAM
    dl_flashctl.o(.ARM.exidx.text.DL_FlashCTL_eraseMemoryFromRAM) refers to dl_flashctl.o(.text.DL_FlashCTL_eraseMemoryFromRAM) for [Anonymous Symbol]
    dl_flashctl.o(.ARM.exidx.ramfunc) refers to dl_flashctl.o(.ramfunc) for [Anonymous Symbol]
    dl_flashctl.o(.text.DL_FlashCTL_massErase) refers to dl_flashctl.o(.text.DL_FlashCTL_unprotectSector) for DL_FlashCTL_unprotectSector
    dl_flashctl.o(.ARM.exidx.text.DL_FlashCTL_massErase) refers to dl_flashctl.o(.text.DL_FlashCTL_massErase) for [Anonymous Symbol]
    dl_flashctl.o(.ARM.exidx.text.DL_FlashCTL_unprotectMainMemory) refers to dl_flashctl.o(.text.DL_FlashCTL_unprotectMainMemory) for [Anonymous Symbol]
    dl_flashctl.o(.ARM.exidx.text.DL_FlashCTL_protectNonMainMemory) refers to dl_flashctl.o(.text.DL_FlashCTL_protectNonMainMemory) for [Anonymous Symbol]
[...]
    Removing dl_interrupt.o(.vtable), (192 bytes).
    Removing dl_sysctl_mspm0g1x0x_g3x0x.o(.text), (0 bytes).
    Removing dl_sysctl_mspm0g1x0x_g3x0x.o(.text.DL_SYSCTL_configSYSPLL), (240 bytes).
    Removing dl_sysctl_mspm0g1x0x_g3x0x.o(.ARM.exidx.text.DL_SYSCTL_configSYSPLL), (8 bytes).
    Removing dl_sysctl_mspm0g1x0x_g3x0x.o(.text.DL_SYSCTL_setLFCLKSourceLFXT), (100 bytes).
    Removing dl_sysctl_mspm0g1x0x_g3x0x.o(.ARM.exidx.text.DL_SYSCTL_setLFCLKSourceLFXT), (8 bytes).
    Removing dl_sysctl_mspm0g1x0x_g3x0x.o(.text.DL_SYSCTL_switchMCLKfromSYSOSCtoLFCLK), (80 bytes).
    Removing dl_sysctl_mspm0g1x0x_g3x0x.o(.ARM.exidx.text.DL_SYSCTL_switchMCLKfromSYSOSCtoLFCLK), (8 bytes).
    Removing dl_sysctl_mspm0g1x0x_g3x0x.o(.text.DL_SYSCTL_switchMCLKfromLFCLKtoSYSOSC), (60 bytes).
    Removing dl_sysctl_mspm0g1x0x_g3x0x.o(.ARM.exidx.text.DL_SYSCTL_switchMCLKfromLFCLKtoSYSOSC), (8 bytes).
    Removing dl_sysctl_mspm0g1x0x_g3x0x.o(.text.DL_SYSCTL_switchMCLKfromSYSOSCtoHSCLK), (80 bytes).
    Removing dl_sysctl_mspm0g1x0x_g3x0x.o(.ARM.exidx.text.DL_SYSCTL_switchMCLKfromSYSOSCtoHSCLK), (8 bytes).
    Removing dl_sysctl_mspm0g1x0x_g3x0x.o(.text.DL_SYSCTL_switchMCLKfromHSCLKtoSYSOSC), (48 bytes).
    Removing dl_sysctl_mspm0g1x0x_g3x0x.o(.ARM.exidx.text.DL_SYSCTL_switchMCLKfromHSCLKtoSYSOSC), (8 bytes).
    Removing dl_sysctl_mspm0g1x0x_g3x0x.o(.text.DL_SYSCTL_setHFCLKSourceHFXT), (96 bytes).
    Removing dl_sysctl_mspm0g1x0x_g3x0x.o(.ARM.exidx.text.DL_SYSCTL_setHFCLKSourceHFXT), (8 bytes).
    Removing dl_sysctl_mspm0g1x0x_g3x0x.o(.text.DL_SYSCTL_setHFCLKSourceHFXTParams), (108 bytes).
    Removing dl_sysctl_mspm0g1x0x_g3x0x.o(.ARM.exidx.text.DL_SYSCTL_setHFCLKSourceHFXTParams), (8 bytes).
    Removing dl_sysctl_mspm0g1x0x_g3x0x.o(.text.DL_SYSCTL_configFCC), (28 bytes).
    Removing dl_sysctl_mspm0g1x0x_g3x0x.o(.ARM.exidx.text.DL_SYSCTL_configFCC), (8 bytes).
    Removing dl_sysctl_mspm0g1x0x_g3x0x.o(.text.DL_SYSCTL_getPowerPolicyRUNSLEEP), (48 bytes).
    Removing dl_sysctl_mspm0g1x0x_g3x0x.o(.ARM.exidx.text.DL_SYSCTL_getPowerPolicyRUNSLEEP), (8 bytes).
    Removing dl_sysctl_mspm0g1x0x_g3x0x.o(.text.DL_SYSCTL_getPowerPolicySTOP), (52 bytes).
    Removing dl_sysctl_mspm0g1x0x_g3x0x.o(.ARM.exidx.text.DL_SYSCTL_getPowerPolicySTOP), (8 bytes).
    Removing dl_sysctl_mspm0g1x0x_g3x0x.o(.text.DL_SYSCTL_getPowerPolicySTANDBY), (40 bytes).
    Removing dl_sysctl_mspm0g1x0x_g3x0x.o(.ARM.exidx.text.DL_SYSCTL_getPowerPolicySTANDBY), (8 bytes).
    Removing drv_oled.o(.text), (0 bytes).
    Removing drv_oled.o(.text.OLED_WrDat), (22 bytes).
    Removing drv_oled.o(.ARM.exidx.text.OLED_WrDat), (8 bytes).
    Removing drv_oled.o(.ARM.exidx.text.OLED_WrCmd), (8 bytes).
    Removing drv_oled.o(.text.OLED_Set_Pos), (70 bytes).
    Removing drv_oled.o(.ARM.exidx.text.OLED_Set_Pos), (8 bytes).
    Removing drv_oled.o(.ARM.exidx.text.OLED_Fill), (8 bytes).
    Removing drv_oled.o(.text.OLED_CLS), (96 bytes).
    Removing drv_oled.o(.ARM.exidx.text.OLED_CLS), (8 bytes).
    Removing drv_oled.o(.ARM.exidx.text.LCD_P6x8Str), (8 bytes).
    Removing drv_oled.o(.ARM.exidx.text.LCD_P6x8Char), (8 bytes).
    Removing drv_oled.o(.text.write_6_8_number), (740 bytes).
    Removing drv_oled.o(.ARM.exidx.text.write_6_8_number), (8 bytes).
    Removing drv_oled.o(.ARM.exidx.text.LCD_clear_L), (8 bytes).
    Removing drv_oled.o(.ARM.exidx.text.Draw_Logo), (8 bytes).
    Removing drv_oled.o(.ARM.exidx.text.oled_init), (8 bytes).
    Removing drv_oled.o(.text.display_6_8_number), (8 bytes).
    Removing drv_oled.o(.ARM.exidx.text.display_6_8_number), (8 bytes).
    Removing drv_oled.o(.text.display_6_8_string), (8 bytes).
    Removing drv_oled.o(.ARM.exidx.text.display_6_8_string), (8 bytes).
    Removing drv_oled.o(.text.display_6_8_number_pro), (54 bytes).
    Removing drv_oled.o(.ARM.exidx.text.display_6_8_number_pro), (8 bytes).
    Removing drv_oled.o(.ARM.exidx.text.write_6_8_number_f1), (8 bytes).
    Removing drv_oled.o(.ARM.exidx.text.display_6_8_number_f1), (8 bytes).
    Removing glcdfont.o(.text), (0 bytes).
    Removing ssd1306.o(.text), (0 bytes).
    Removing ssd1306.o(.text.ssd1306_width), (12 bytes).
    Removing ssd1306.o(.ARM.exidx.text.ssd1306_width), (8 bytes).
    Removing ssd1306.o(.text.ssd1306_height), (12 bytes).
    Removing ssd1306.o(.ARM.exidx.text.ssd1306_height), (8 bytes).
    Removing ssd1306.o(.text.set_rotation), (80 bytes).
    Removing ssd1306.o(.ARM.exidx.text.set_rotation), (8 bytes).
    Removing ssd1306.o(.text.ssd1306_command), (8 bytes).
    Removing ssd1306.o(.ARM.exidx.text.ssd1306_command), (8 bytes).
    Removing ssd1306.o(.ARM.exidx.text.ssd1306_begin), (8 bytes).
    Removing ssd1306.o(.text.ssd1306_draw_pixel), (240 bytes).
    Removing ssd1306.o(.ARM.exidx.text.ssd1306_draw_pixel), (8 bytes).
    Removing ssd1306.o(.text.ssd1306_invert_display), (22 bytes).
    Removing ssd1306.o(.ARM.exidx.text.ssd1306_invert_display), (8 bytes).
    Removing ssd1306.o(.text.ssd1306_start_scroll_right), (58 bytes).
    Removing ssd1306.o(.ARM.exidx.text.ssd1306_start_scroll_right), (8 bytes).
    Removing ssd1306.o(.text.ssd1306_start_scroll_left), (58 bytes).
    Removing ssd1306.o(.ARM.exidx.text.ssd1306_start_scroll_left), (8 bytes).
    Removing ssd1306.o(.text.ssd1306_start_scroll_diag_right), (70 bytes).
    Removing ssd1306.o(.ARM.exidx.text.ssd1306_start_scroll_diag_right), (8 bytes).
    Removing ssd1306.o(.text.ssd1306_start_scroll_diag_left), (70 bytes).
    Removing ssd1306.o(.ARM.exidx.text.ssd1306_start_scroll_diag_left), (8 bytes).
    Removing ssd1306.o(.text.ssd1306_stop_scroll), (10 bytes).
    Removing ssd1306.o(.ARM.exidx.text.ssd1306_stop_scroll), (8 bytes).
    Removing ssd1306.o(.text.ssd1306_dim), (44 bytes).
    Removing ssd1306.o(.ARM.exidx.text.ssd1306_dim), (8 bytes).
    Removing ssd1306.o(.text.ssd1306_data), (8 bytes).
    Removing ssd1306.o(.ARM.exidx.text.ssd1306_data), (8 bytes).
    Removing ssd1306.o(.text.ssd1306_display), (46 bytes).
    Removing ssd1306.o(.ARM.exidx.text.ssd1306_display), (8 bytes).
    Removing ssd1306.o(.text.draw_oled), (244 bytes).
    Removing ssd1306.o(.ARM.exidx.text.draw_oled), (8 bytes).
    Removing ssd1306.o(.text.ssd1306_clear_display), (20 bytes).
    Removing ssd1306.o(.ARM.exidx.text.ssd1306_clear_display), (8 bytes).
    Removing ssd1306.o(.text.ssd1306_draw_fast_hline), (488 bytes).
    Removing ssd1306.o(.ARM.exidx.text.ssd1306_draw_fast_hline), (8 bytes).
    Removing ssd1306.o(.text.ssd1306_draw_fast_vline_internal), (504 bytes).
    Removing ssd1306.o(.ARM.exidx.text.ssd1306_draw_fast_vline_internal), (8 bytes).
    Removing ssd1306.o(.text.ssd1306_draw_fast_hline_internal), (392 bytes).
    Removing ssd1306.o(.ARM.exidx.text.ssd1306_draw_fast_hline_internal), (8 bytes).
    Removing ssd1306.o(.text.ssd1306_draw_fast_vline), (484 bytes).
    Removing ssd1306.o(.ARM.exidx.text.ssd1306_draw_fast_vline), (8 bytes).
    Removing ssd1306.o(.text.ssd1306_draw_circle), (280 bytes).
    Removing ssd1306.o(.ARM.exidx.text.ssd1306_draw_circle), (8 bytes).
    Removing ssd1306.o(.text.ssd1306_draw_circle_helper), (314 bytes).
    Removing ssd1306.o(.ARM.exidx.text.ssd1306_draw_circle_helper), (8 bytes).
    Removing ssd1306.o(.text.ssd1306_fill_circle), (50 bytes).
    Removing ssd1306.o(.ARM.exidx.text.ssd1306_fill_circle), (8 bytes).
    Removing ssd1306.o(.text.ssd1306_fill_circle_helper), (230 bytes).
    Removing ssd1306.o(.ARM.exidx.text.ssd1306_fill_circle_helper), (8 bytes).
    Removing ssd1306.o(.text.ssd1306_draw_line), (182 bytes).
    Removing ssd1306.o(.ARM.exidx.text.ssd1306_draw_line), (8 bytes).
    Removing ssd1306.o(.text.ssd1306_draw_rect), (70 bytes).
    Removing ssd1306.o(.ARM.exidx.text.ssd1306_draw_rect), (8 bytes).
    Removing ssd1306.o(.text.ssd1306_fill_rect), (46 bytes).
    Removing ssd1306.o(.ARM.exidx.text.ssd1306_fill_rect), (8 bytes).
    Removing ssd1306.o(.text.ssd1306_fill_screen), (56 bytes).
    Removing ssd1306.o(.ARM.exidx.text.ssd1306_fill_screen), (8 bytes).
    Removing ssd1306.o(.text.ssd1306_draw_round_rect), (552 bytes).
    Removing ssd1306.o(.ARM.exidx.text.ssd1306_draw_round_rect), (8 bytes).
    Removing ssd1306.o(.text.ssd1306_fill_round_rect), (342 bytes).
    Removing ssd1306.o(.ARM.exidx.text.ssd1306_fill_round_rect), (8 bytes).
    Removing ssd1306.o(.text.ssd1306_draw_triangle), (56 bytes).
    Removing ssd1306.o(.ARM.exidx.text.ssd1306_draw_triangle), (8 bytes).
    Removing ssd1306.o(.text.ssd1306_fill_triangle), (412 bytes).
    Removing ssd1306.o(.ARM.exidx.text.ssd1306_fill_triangle), (8 bytes).
    Removing ssd1306.o(.text.ssd1306_draw_bitmap), (120 bytes).
    Removing ssd1306.o(.ARM.exidx.text.ssd1306_draw_bitmap), (8 bytes).
    Removing ssd1306.o(.text.ssd1306_draw_bitmap_bg), (130 bytes).
    Removing ssd1306.o(.ARM.exidx.text.ssd1306_draw_bitmap_bg), (8 bytes).
    Removing ssd1306.o(.text.ssd1306_draw_xbitmap), (120 bytes).
    Removing ssd1306.o(.ARM.exidx.text.ssd1306_draw_xbitmap), (8 bytes).
    Removing ssd1306.o(.text.ssd1306_write), (144 bytes).
    Removing ssd1306.o(.ARM.exidx.text.ssd1306_write), (8 bytes).
    Removing ssd1306.o(.text.ssd1306_draw_char), (296 bytes).
    Removing ssd1306.o(.ARM.exidx.text.ssd1306_draw_char), (8 bytes).
    Removing ssd1306.o(.text.ssd1306_set_cursor), (20 bytes).
    Removing ssd1306.o(.ARM.exidx.text.ssd1306_set_cursor), (8 bytes).
    Removing ssd1306.o(.text.ssd1306_get_cursor_x), (12 bytes).
    Removing ssd1306.o(.ARM.exidx.text.ssd1306_get_cursor_x), (8 bytes).
    Removing ssd1306.o(.text.ssd1306_get_cursor_y), (12 bytes).
    Removing ssd1306.o(.ARM.exidx.text.ssd1306_get_cursor_y), (8 bytes).
    Removing ssd1306.o(.text.ssd1306_set_textsize), (16 bytes).
    Removing ssd1306.o(.ARM.exidx.text.ssd1306_set_textsize), (8 bytes).
    Removing ssd1306.o(.text.ssd1306_set_textcolor), (20 bytes).
    Removing ssd1306.o(.ARM.exidx.text.ssd1306_set_textcolor), (8 bytes).
    Removing ssd1306.o(.text.ssd1306_set_textcolor_bg), (20 bytes).
    Removing ssd1306.o(.ARM.exidx.text.ssd1306_set_textcolor_bg), (8 bytes).
    Removing ssd1306.o(.text.ssd1306_set_textwrap), (16 bytes).
    Removing ssd1306.o(.ARM.exidx.text.ssd1306_set_textwrap), (8 bytes).
    Removing ssd1306.o(.text.ssd1306_get_rotation), (12 bytes).
    Removing ssd1306.o(.ARM.exidx.text.ssd1306_get_rotation), (8 bytes).
    Removing ssd1306.o(.text.ssd1306_set_rotation), (80 bytes).
    Removing ssd1306.o(.ARM.exidx.text.ssd1306_set_rotation), (8 bytes).
    Removing ssd1306.o(.text.ssd1306_cp437), (16 bytes).
    Removing ssd1306.o(.ARM.exidx.text.ssd1306_cp437), (8 bytes).
    Removing ssd1306.o(.text.ssd1306_putstring), (160 bytes).
    Removing ssd1306.o(.ARM.exidx.text.ssd1306_putstring), (8 bytes).
    Removing ssd1306.o(.text.ssd1306_puts), (180 bytes).
    Removing ssd1306.o(.ARM.exidx.text.ssd1306_puts), (8 bytes).
    Removing ssd1306.o(.rodata.font), (1275 bytes).
    Removing ssd1306.o(.data.buffer), (1024 bytes).
    Removing ssd1306.o(.rodata..Lswitch.table.ssd1306_set_rotation), (16 bytes).
    Removing ssd1306.o(.rodata.cst8), (16 bytes).
    Removing ssd1306.o(.rodata..Lswitch.table.ssd1306_set_rotation.6), (16 bytes).
    Removing drv_i2c.o(.text), (0 bytes).
    Removing drv_i2c.o(.text.delay_ms), (24 bytes).
    Removing drv_i2c.o(.ARM.exidx.text.delay_ms), (8 bytes).
    Removing drv_i2c.o(.ARM.exidx.text.i2c0_write_n_byte), (8 bytes).
    Removing main.o(.text), (0 bytes).
    Removing main.o(.text.my_delay_ms), (22 bytes).
    Removing main.o(.ARM.exidx.text.my_delay_ms), (8 bytes).
    Removing main.o(.ARM.exidx.text.key_scan), (8 bytes).
    Removing main.o(.text.Straight), (132 bytes).
    Removing main.o(.ARM.exidx.text.Straight), (8 bytes).
    Removing main.o(.ARM.exidx.text.Straight_right), (8 bytes).
    Removing main.o(.ARM.exidx.text.Straight_left), (8 bytes).
    Removing main.o(.ARM.exidx.text.circle_right), (8 bytes).
    Removing main.o(.ARM.exidx.text.circle_left), (8 bytes).
    Removing main.o(.ARM.exidx.text.main), (8 bytes).
    Removing main.o(.ARM.exidx.text.TIMG0_IRQHandler), (8 bytes).
    Removing main.o(.data.circle_turn), (4 bytes).
    Removing main.o(.bss.buzz), (1 bytes).
    Removing main.o(.ARM.use_no_argv), (4 bytes).
    Removing ti_msp_dl_config.o(.text), (0 bytes).
    Removing ti_msp_dl_config.o(.ARM.exidx.text.SYSCFG_DL_init), (8 bytes).
    Removing ti_msp_dl_config.o(.ARM.exidx.text.SYSCFG_DL_initPower), (8 bytes).
    Removing ti_msp_dl_config.o(.ARM.exidx.text.SYSCFG_DL_GPIO_init), (8 bytes).
    Removing ti_msp_dl_config.o(.ARM.exidx.text.SYSCFG_DL_SYSCTL_init), (8 bytes).
    Removing ti_msp_dl_config.o(.ARM.exidx.text.SYSCFG_DL_TIMER_0_init), (8 bytes).
    Removing ti_msp_dl_config.o(.ARM.exidx.text.SYSCFG_DL_I2C_0_init), (8 bytes).

792 unused section(s) (total 33368 bytes) removed from the image.

==============================================================================

Image Symbol Table

    Local Symbols

    Symbol Name                              Value     Ov Type        Size  Object(Section)

    ../clib/angel/boardlib.s                 0x00000000   Number         0  boardinit1.o ABSOLUTE
    ../clib/angel/boardlib.s                 0x00000000   Number         0  boardinit2.o ABSOLUTE
    ../clib/angel/boardlib.s                 0x00000000   Number         0  boardinit3.o ABSOLUTE
    ../clib/angel/boardlib.s                 0x00000000   Number         0  boardshut.o ABSOLUTE
    ../clib/angel/handlers.s                 0x00000000   Number         0  __scatter_copy.o ABSOLUTE
    ../clib/angel/handlers.s                 0x00000000   Number         0  __scatter_zi.o ABSOLUTE
    ../clib/angel/kernel.s                   0x00000000   Number         0  __rtentry.o ABSOLUTE
    ../clib/angel/kernel.s                   0x00000000   Number         0  __rtentry2.o ABSOLUTE
    ../clib/angel/kernel.s                   0x00000000   Number         0  __rtentry4.o ABSOLUTE
    ../clib/angel/kernel.s                   0x00000000   Number         0  rtexit.o ABSOLUTE
    ../clib/angel/kernel.s                   0x00000000   Number         0  rtexit2.o ABSOLUTE
    ../clib/angel/rt.s                       0x00000000   Number         0  aeabi_idiv0.o ABSOLUTE
    ../clib/angel/rt.s                       0x00000000   Number         0  aeabi_idiv0_sigfpe.o ABSOLUTE
    ../clib/angel/rt.s                       0x00000000   Number         0  rt_div0.o ABSOLUTE
    ../clib/angel/rt.s                       0x00000000   Number         0  rt_raise.o ABSOLUTE
    ../clib/angel/scatterp.s                 0x00000000   Number         0  __scatter.o ABSOLUTE
    ../clib/angel/startup.s                  0x00000000   Number         0  __main.o ABSOLUTE
    ../clib/angel/sys.s                      0x00000000   Number         0  sys_stackheap_outer.o ABSOLUTE
    ../clib/angel/sys.s                      0x00000000   Number         0  libspace.o ABSOLUTE
    ../clib/angel/sys.s                      0x00000000   Number         0  tempstk.o ABSOLUTE
    ../clib/angel/sys.s                      0x00000000   Number         0  use_no_semi.o ABSOLUTE
    ../clib/angel/sys.s                      0x00000000   Number         0  indicate_semi.o ABSOLUTE
    ../clib/angel/sysapp.c                   0x00000000   Number         0  sys_exit.o ABSOLUTE
    ../clib/angel/sysapp.c                   0x00000000   Number         0  sys_exit_hlt.o ABSOLUTE
    ../clib/angel/sysapp.c                   0x00000000   Number         0  sys_wrch.o ABSOLUTE
    ../clib/angel/sysapp.c                   0x00000000   Number         0  sys_wrch_hlt.o ABSOLUTE
    ../clib/angel/sysapp.c                   0x00000000   Number         0  sys_command.o ABSOLUTE
    ../clib/angel/sysapp.c                   0x00000000   Number         0  sys_command_hlt.o ABSOLUTE
    ../clib/armsys.c                         0x00000000   Number         0  argv_veneer.o ABSOLUTE
    ../clib/armsys.c                         0x00000000   Number         0  _get_argv_nomalloc.o ABSOLUTE
    ../clib/armsys.c                         0x00000000   Number         0  no_argv.o ABSOLUTE
    ../clib/division.s                       0x00000000   Number         0  aeabi_sdivfast.o ABSOLUTE
    ../clib/division.s                       0x00000000   Number         0  aeabi_sdivfast_div0.o ABSOLUTE
    ../clib/heapalloc.c                      0x00000000   Number         0  hrguard.o ABSOLUTE
    ../clib/heapaux.c                        0x00000000   Number         0  heapauxi.o ABSOLUTE
    ../clib/libinit.s                        0x00000000   Number         0  libinit.o ABSOLUTE
    ../clib/libinit.s                        0x00000000   Number         0  libinit2.o ABSOLUTE
    ../clib/libinit.s                        0x00000000   Number         0  libshutdown.o ABSOLUTE
    ../clib/libinit.s                        0x00000000   Number         0  libshutdown2.o ABSOLUTE
    ../clib/memcpset.c                       0x00000000   Number         0  rt_memclr.o ABSOLUTE
    ../clib/signal.c                         0x00000000   Number         0  defsig_fpe_outer.o ABSOLUTE
    ../clib/signal.c                         0x00000000   Number         0  defsig_fpe_formal.o ABSOLUTE
    ../clib/signal.c                         0x00000000   Number         0  defsig_exit.o ABSOLUTE
    ../clib/signal.c                         0x00000000   Number         0  defsig_fpe_inner.o ABSOLUTE
    ../clib/signal.c                         0x00000000   Number         0  __raise.o ABSOLUTE
    ../clib/signal.c                         0x00000000   Number         0  defsig_general.o ABSOLUTE
    ../clib/signal.c                         0x00000000   Number         0  defsig_abrt_inner.o ABSOLUTE
    ../clib/signal.c                         0x00000000   Number         0  defsig_rtred_inner.o ABSOLUTE
    ../clib/signal.c                         0x00000000   Number         0  defsig_rtmem_inner.o ABSOLUTE
    ../clib/signal.c                         0x00000000   Number         0  defsig_rtmem_outer.o ABSOLUTE
    ../clib/signal.c                         0x00000000   Number         0  defsig_rtmem_formal.o ABSOLUTE
    ../clib/signal.c                         0x00000000   Number         0  defsig_stak_inner.o ABSOLUTE
    ../clib/signal.c                         0x00000000   Number         0  defsig_pvfn_inner.o ABSOLUTE
    ../clib/signal.c                         0x00000000   Number         0  defsig_cppl_inner.o ABSOLUTE
    ../clib/signal.c                         0x00000000   Number         0  defsig_segv_inner.o ABSOLUTE
    ../clib/signal.c                         0x00000000   Number         0  defsig_other.o ABSOLUTE
    ../clib/signal.s                         0x00000000   Number         0  defsig.o ABSOLUTE
    ../clib/stdlib.c                         0x00000000   Number         0  exit.o ABSOLUTE
    ../fplib/cfplib/cmp.c                    0x00000000   Number         0  fcmp.o ABSOLUTE
    ../fplib/cfplib/cmpret.c                 0x00000000   Number         0  cmpret.o ABSOLUTE
    ../fplib/cfplib/fcmpin.c                 0x00000000   Number         0  fcmpin.o ABSOLUTE
    ../fplib/cfplib/ffix.c                   0x00000000   Number         0  ffixi.o ABSOLUTE
    ../fplib/cfplib/fflt.c                   0x00000000   Number         0  fflti.o ABSOLUTE
    ../fplib/cfplib/fpinit.c                 0x00000000   Number         0  fpinit.o ABSOLUTE
    ../fplib/cfplib/nan2.c                   0x00000000   Number         0  fnan2.o ABSOLUTE
    ../fplib/cfplib/retnan.c                 0x00000000   Number         0  retnan.o ABSOLUTE
    ../fplib/faddsub6m.s                     0x00000000   Number         0  faddsub.o ABSOLUTE
    ../fplib/feqf6m.s                        0x00000000   Number         0  feqf.o ABSOLUTE
    ../fplib/fgeqf6m.s                       0x00000000   Number         0  fgef.o ABSOLUTE
    ../fplib/fleqf6m.s                       0x00000000   Number         0  flef.o ABSOLUTE
    ../fplib/fmul6m.s                        0x00000000   Number         0  fmul.o ABSOLUTE
    ../fplib/usenofp.s                       0x00000000   Number         0  usenofp.o ABSOLUTE
    dc.s                                     0x00000000   Number         0  dc.o ABSOLUTE
    dl_adc12.c                               0x00000000   Number         0  dl_adc12.o ABSOLUTE
    dl_aes.c                                 0x00000000   Number         0  dl_aes.o ABSOLUTE
    dl_aesadv.c                              0x00000000   Number         0  dl_aesadv.o ABSOLUTE
    dl_common.c                              0x00000000   Number         0  dl_common.o ABSOLUTE
    dl_crc.c                                 0x00000000   Number         0  dl_crc.o ABSOLUTE
    dl_crcp.c                                0x00000000   Number         0  dl_crcp.o ABSOLUTE
    dl_dac12.c                               0x00000000   Number         0  dl_dac12.o ABSOLUTE
    dl_dma.c                                 0x00000000   Number         0  dl_dma.o ABSOLUTE
    dl_flashctl.c                            0x00000000   Number         0  dl_flashctl.o ABSOLUTE
    dl_i2c.c                                 0x00000000   Number         0  dl_i2c.o ABSOLUTE
    dl_interrupt.c                           0x00000000   Number         0  dl_interrupt.o ABSOLUTE
    dl_keystorectl.c                         0x00000000   Number         0  dl_keystorectl.o ABSOLUTE
    dl_lcd.c                                 0x00000000   Number         0  dl_lcd.o ABSOLUTE
    dl_lfss.c                                0x00000000   Number         0  dl_lfss.o ABSOLUTE
    dl_mathacl.c                             0x00000000   Number         0  dl_mathacl.o ABSOLUTE
    dl_mcan.c                                0x00000000   Number         0  dl_mcan.o ABSOLUTE
    dl_opa.c                                 0x00000000   Number         0  dl_opa.o ABSOLUTE
    dl_rtc_common.c                          0x00000000   Number         0  dl_rtc_common.o ABSOLUTE
    dl_spi.c                                 0x00000000   Number         0  dl_spi.o ABSOLUTE
    dl_sysctl_mspm0g1x0x_g3x0x.c             0x00000000   Number         0  dl_sysctl_mspm0g1x0x_g3x0x.o ABSOLUTE
    dl_timer.c                               0x00000000   Number         0  dl_timer.o ABSOLUTE
    dl_trng.c                                0x00000000   Number         0  dl_trng.o ABSOLUTE
    dl_uart.c                                0x00000000   Number         0  dl_uart.o ABSOLUTE
    dl_vref.c                                0x00000000   Number         0  dl_vref.o ABSOLUTE
    drv_i2c.c                                0x00000000   Number         0  drv_i2c.o ABSOLUTE
    drv_oled.c                               0x00000000   Number         0  drv_oled.o ABSOLUTE
    glcdfont.c                               0x00000000   Number         0  glcdfont.o ABSOLUTE
    main.c                                   0x00000000   Number         0  main.o ABSOLUTE
    ssd1306.c                                0x00000000   Number         0  ssd1306.o ABSOLUTE
    startup_mspm0g350x_uvision.s             0x00000000   Number         0  startup_mspm0g350x_uvision.o ABSOLUTE
    ti_msp_dl_config.c                       0x00000000   Number         0  ti_msp_dl_config.o ABSOLUTE
    RESET                                    0x00000000   Section      192  startup_mspm0g350x_uvision.o(RESET)
    !!!main                                  0x000000c0   Section        8  __main.o(!!!main)
    !!!scatter                               0x000000c8   Section       84  __scatter.o(!!!scatter)
    !!handler_copy                           0x00000120   Section       26  __scatter_copy.o(!!handler_copy)
    !!handler_null                           0x00000140   Section        2  __scatter.o(!!handler_null)
    !!handler_zi                             0x00000148   Section       28  __scatter_zi.o(!!handler_zi)
    .ARM.Collect$$libinit$$00000000          0x00000164   Section        2  libinit.o(.ARM.Collect$$libinit$$00000000)
    .ARM.Collect$$libinit$$00000002          0x00000166   Section        0  libinit2.o(.ARM.Collect$$libinit$$00000002)
    .ARM.Collect$$libinit$$00000004          0x00000166   Section        0  libinit2.o(.ARM.Collect$$libinit$$00000004)
    .ARM.Collect$$libinit$$00000006          0x00000166   Section        0  libinit2.o(.ARM.Collect$$libinit$$00000006)
    .ARM.Collect$$libinit$$0000000C          0x00000166   Section        0  libinit2.o(.ARM.Collect$$libinit$$0000000C)
    .ARM.Collect$$libinit$$0000000E          0x00000166   Section        0  libinit2.o(.ARM.Collect$$libinit$$0000000E)
    .ARM.Collect$$libinit$$00000010          0x00000166   Section        0  libinit2.o(.ARM.Collect$$libinit$$00000010)
    .ARM.Collect$$libinit$$00000013          0x00000166   Section        0  libinit2.o(.ARM.Collect$$libinit$$00000013)
    .ARM.Collect$$libinit$$00000015          0x00000166   Section        0  libinit2.o(.ARM.Collect$$libinit$$00000015)
    .ARM.Collect$$libinit$$00000017          0x00000166   Section        0  libinit2.o(.ARM.Collect$$libinit$$00000017)
    .ARM.Collect$$libinit$$00000019          0x00000166   Section        0  libinit2.o(.ARM.Collect$$libinit$$00000019)
    .ARM.Collect$$libinit$$0000001B          0x00000166   Section        0  libinit2.o(.ARM.Collect$$libinit$$0000001B)
    .ARM.Collect$$libinit$$0000001D          0x00000166   Section        0  libinit2.o(.ARM.Collect$$libinit$$0000001D)
    .ARM.Collect$$libinit$$0000001F          0x00000166   Section        0  libinit2.o(.ARM.Collect$$libinit$$0000001F)
    .ARM.Collect$$libinit$$00000021          0x00000166   Section        0  libinit2.o(.ARM.Collect$$libinit$$00000021)
    .ARM.Collect$$libinit$$00000023          0x00000166   Section        0  libinit2.o(.ARM.Collect$$libinit$$00000023)
    .ARM.Collect$$libinit$$00000025          0x00000166   Section        0  libinit2.o(.ARM.Collect$$libinit$$00000025)
    .ARM.Collect$$libinit$$00000027          0x00000166   Section        0  libinit2.o(.ARM.Collect$$libinit$$00000027)
    .ARM.Collect$$libinit$$0000002E          0x00000166   Section        0  libinit2.o(.ARM.Collect$$libinit$$0000002E)
    .ARM.Collect$$libinit$$00000030          0x00000166   Section        0  libinit2.o(.ARM.Collect$$libinit$$00000030)
    .ARM.Collect$$libinit$$00000032          0x00000166   Section        0  libinit2.o(.ARM.Collect$$libinit$$00000032)
    .ARM.Collect$$libinit$$00000034          0x00000166   Section        0  libinit2.o(.ARM.Collect$$libinit$$00000034)
    .ARM.Collect$$libinit$$00000035          0x00000166   Section        2  libinit2.o(.ARM.Collect$$libinit$$00000035)
    .ARM.Collect$$libshutdown$$00000000      0x00000168   Section        2  libshutdown.o(.ARM.Collect$$libshutdown$$00000000)
    .ARM.Collect$$libshutdown$$00000002      0x0000016a   Section        0  libshutdown2.o(.ARM.Collect$$libshutdown$$00000002)
    .ARM.Collect$$libshutdown$$00000004      0x0000016a   Section        0  libshutdown2.o(.ARM.Collect$$libshutdown$$00000004)
    .ARM.Collect$$libshutdown$$00000007      0x0000016a   Section        0  libshutdown2.o(.ARM.Collect$$libshutdown$$00000007)
    .ARM.Collect$$libshutdown$$0000000A      0x0000016a   Section        0  libshutdown2.o(.ARM.Collect$$libshutdown$$0000000A)
    .ARM.Collect$$libshutdown$$0000000C      0x0000016a   Section        0  libshutdown2.o(.ARM.Collect$$libshutdown$$0000000C)
    .ARM.Collect$$libshutdown$$0000000F      0x0000016a   Section        0  libshutdown2.o(.ARM.Collect$$libshutdown$$0000000F)
    .ARM.Collect$$libshutdown$$00000010      0x0000016a   Section        2  libshutdown2.o(.ARM.Collect$$libshutdown$$00000010)
    .ARM.Collect$$rtentry$$00000000          0x0000016c   Section        0  __rtentry.o(.ARM.Collect$$rtentry$$00000000)
    .ARM.Collect$$rtentry$$00000002          0x0000016c   Section        0  __rtentry2.o(.ARM.Collect$$rtentry$$00000002)
    .ARM.Collect$$rtentry$$00000004          0x0000016c   Section        6  __rtentry4.o(.ARM.Collect$$rtentry$$00000004)
    .ARM.Collect$$rtentry$$00000009          0x00000172   Section        0  __rtentry2.o(.ARM.Collect$$rtentry$$00000009)
    .ARM.Collect$$rtentry$$0000000A          0x00000172   Section        4  __rtentry2.o(.ARM.Collect$$rtentry$$0000000A)
    .ARM.Collect$$rtentry$$0000000C          0x00000176   Section        0  __rtentry2.o(.ARM.Collect$$rtentry$$0000000C)
    .ARM.Collect$$rtentry$$0000000D          0x00000176   Section        8  __rtentry2.o(.ARM.Collect$$rtentry$$0000000D)
    .ARM.Collect$$rtexit$$00000000           0x0000017e   Section        2  rtexit.o(.ARM.Collect$$rtexit$$00000000)
    .ARM.Collect$$rtexit$$00000002           0x00000180   Section        0  rtexit2.o(.ARM.Collect$$rtexit$$00000002)
    .ARM.Collect$$rtexit$$00000003           0x00000180   Section        4  rtexit2.o(.ARM.Collect$$rtexit$$00000003)
    .ARM.Collect$$rtexit$$00000004           0x00000184   Section        6  rtexit2.o(.ARM.Collect$$rtexit$$00000004)
    .text                                    0x0000018c   Section       44  startup_mspm0g350x_uvision.o(.text)
    .text                                    0x000001b8   Section        0  heapauxi.o(.text)
    .text                                    0x000001be   Section        0  ffixi.o(.text)
    .text                                    0x0000020a   Section        0  fflti.o(.text)
    .text                                    0x00000268   Section        0  fcmpin.o(.text)
    .text                                    0x000002cc   Section       62  sys_stackheap_outer.o(.text)
    .text                                    0x0000030a   Section        0  exit.o(.text)
    .text                                    0x0000031a   Section        0  cmpret.o(.text)
    .text                                    0x00000348   Section        0  fnan2.o(.text)
    .text                                    0x00000358   Section        8  libspace.o(.text)
    .text                                    0x00000360   Section        0  retnan.o(.text)
    .text                                    0x000003c0   Section        0  sys_exit.o(.text)
    .text                                    0x000003cc   Section        2  use_no_semi.o(.text)
    [Anonymous Symbol]                       0x000003ce   Section        0  dl_common.o(.text.DL_Common_delayCycles)
    .text                                    0x000003ce   Section        0  indicate_semi.o(.text)
    [Anonymous Symbol]                       0x000003d8   Section        0  dl_i2c.o(.text.DL_I2C_fillControllerTXFIFO)
    [Anonymous Symbol]                       0x00000458   Section        0  dl_i2c.o(.text.DL_I2C_flushControllerTXFIFO)
    __arm_cp.3_0                             0x00000498   Number         4  dl_i2c.o(.text.DL_I2C_flushControllerTXFIFO)
    [Anonymous Symbol]                       0x0000049c   Section        0  dl_i2c.o(.text.DL_I2C_setClockConfig)
    [Anonymous Symbol]                       0x000004c4   Section        0  dl_timer.o(.text.DL_Timer_initTimerMode)
    __arm_cp.2_0                             0x000005a0   Number         4  dl_timer.o(.text.DL_Timer_initTimerMode)
    __arm_cp.2_1                             0x000005a4   Number         4  dl_timer.o(.text.DL_Timer_initTimerMode)
    __arm_cp.2_2                             0x000005a8   Number         4  dl_timer.o(.text.DL_Timer_initTimerMode)
    [Anonymous Symbol]                       0x000005ac   Section        0  dl_timer.o(.text.DL_Timer_setClockConfig)
    __arm_cp.0_0                             0x000005c4   Number         4  dl_timer.o(.text.DL_Timer_setClockConfig)
    [Anonymous Symbol]                       0x000005c8   Section        0  drv_oled.o(.text.Draw_Logo)
    __arm_cp.9_0                             0x00000634   Number         4  drv_oled.o(.text.Draw_Logo)
    [Anonymous Symbol]                       0x00000638   Section        0  drv_oled.o(.text.LCD_P6x8Char)
    [Anonymous Symbol]                       0x00000718   Section        0  drv_oled.o(.text.LCD_P6x8Str)
    __arm_cp.5_0                             0x0000081c   Number         4  drv_oled.o(.text.LCD_P6x8Str)
    [Anonymous Symbol]                       0x00000820   Section        0  drv_oled.o(.text.LCD_clear_L)
    [Anonymous Symbol]                       0x000008b2   Section        0  drv_oled.o(.text.OLED_Fill)
    [Anonymous Symbol]                       0x00000914   Section        0  drv_oled.o(.text.OLED_WrCmd)
    [Anonymous Symbol]                       0x0000092c   Section        0  ti_msp_dl_config.o(.text.SYSCFG_DL_GPIO_init)
    __arm_cp.2_0                             0x0000097c   Number         4  ti_msp_dl_config.o(.text.SYSCFG_DL_GPIO_init)
    __arm_cp.2_1                             0x00000980   Number         4  ti_msp_dl_config.o(.text.SYSCFG_DL_GPIO_init)
    __arm_cp.2_2                             0x00000984   Number         4  ti_msp_dl_config.o(.text.SYSCFG_DL_GPIO_init)
    __arm_cp.2_3                             0x00000988   Number         4  ti_msp_dl_config.o(.text.SYSCFG_DL_GPIO_init)
    __arm_cp.2_4                             0x0000098c   Number         4  ti_msp_dl_config.o(.text.SYSCFG_DL_GPIO_init)
    [Anonymous Symbol]                       0x00000990   Section        0  ti_msp_dl_config.o(.text.SYSCFG_DL_I2C_0_init)
    __arm_cp.5_0                             0x000009d8   Number         4  ti_msp_dl_config.o(.text.SYSCFG_DL_I2C_0_init)
    __arm_cp.5_1                             0x000009dc   Number         4  ti_msp_dl_config.o(.text.SYSCFG_DL_I2C_0_init)
    __arm_cp.5_2                             0x000009e0   Number         4  ti_msp_dl_config.o(.text.SYSCFG_DL_I2C_0_init)
    [Anonymous Symbol]                       0x000009e4   Section        0  ti_msp_dl_config.o(.text.SYSCFG_DL_SYSCTL_init)
    __arm_cp.3_0                             0x000009f8   Number         4  ti_msp_dl_config.o(.text.SYSCFG_DL_SYSCTL_init)
    __arm_cp.3_1                             0x000009fc   Number         4  ti_msp_dl_config.o(.text.SYSCFG_DL_SYSCTL_init)
    [Anonymous Symbol]                       0x00000a00   Section        0  ti_msp_dl_config.o(.text.SYSCFG_DL_TIMER_0_init)
    __arm_cp.4_0                             0x00000a24   Number         4  ti_msp_dl_config.o(.text.SYSCFG_DL_TIMER_0_init)
    __arm_cp.4_1                             0x00000a28   Number         4  ti_msp_dl_config.o(.text.SYSCFG_DL_TIMER_0_init)
    __arm_cp.4_2                             0x00000a2c   Number         4  ti_msp_dl_config.o(.text.SYSCFG_DL_TIMER_0_init)
    __arm_cp.4_3                             0x00000a30   Number         4  ti_msp_dl_config.o(.text.SYSCFG_DL_TIMER_0_init)
    __arm_cp.4_4                             0x00000a34   Number         4  ti_msp_dl_config.o(.text.SYSCFG_DL_TIMER_0_init)
    [Anonymous Symbol]                       0x00000a38   Section        0  ti_msp_dl_config.o(.text.SYSCFG_DL_init)
    [Anonymous Symbol]                       0x00000a50   Section        0  ti_msp_dl_config.o(.text.SYSCFG_DL_initPower)
    __arm_cp.1_0                             0x00000a78   Number         4  ti_msp_dl_config.o(.text.SYSCFG_DL_initPower)
    __arm_cp.1_1                             0x00000a7c   Number         4  ti_msp_dl_config.o(.text.SYSCFG_DL_initPower)
    __arm_cp.1_2                             0x00000a80   Number         4  ti_msp_dl_config.o(.text.SYSCFG_DL_initPower)
    __arm_cp.1_3                             0x00000a84   Number         4  ti_msp_dl_config.o(.text.SYSCFG_DL_initPower)
    __arm_cp.1_4                             0x00000a88   Number         4  ti_msp_dl_config.o(.text.SYSCFG_DL_initPower)
    __arm_cp.1_5                             0x00000a8c   Number         4  ti_msp_dl_config.o(.text.SYSCFG_DL_initPower)
    [Anonymous Symbol]                       0x00000a90   Section        0  main.o(.text.Straight_left)
    __arm_cp.4_0                             0x00000b50   Number         4  main.o(.text.Straight_left)
    __arm_cp.4_1                             0x00000b54   Number         4  main.o(.text.Straight_left)
    __arm_cp.4_2                             0x00000b58   Number         4  main.o(.text.Straight_left)
    __arm_cp.4_3                             0x00000b5c   Number         4  main.o(.text.Straight_left)
    __arm_cp.4_4                             0x00000b60   Number         4  main.o(.text.Straight_left)
    __arm_cp.4_5                             0x00000b64   Number         4  main.o(.text.Straight_left)
    __arm_cp.4_6                             0x00000b68   Number         4  main.o(.text.Straight_left)
    [Anonymous Symbol]                       0x00000b7c   Section        0  main.o(.text.Straight_right)
    __arm_cp.3_3                             0x00000c48   Number         4  main.o(.text.Straight_right)
    __arm_cp.3_4                             0x00000c4c   Number         4  main.o(.text.Straight_right)
    __arm_cp.3_6                             0x00000c50   Number         4  main.o(.text.Straight_right)
    [Anonymous Symbol]                       0x00000c54   Section        0  main.o(.text.TIMG0_IRQHandler)
    __arm_cp.8_0                             0x00000cd8   Number         4  main.o(.text.TIMG0_IRQHandler)
    __arm_cp.8_2                             0x00000cdc   Number         4  main.o(.text.TIMG0_IRQHandler)
    __arm_cp.8_6                             0x00000ce0   Number         4  main.o(.text.TIMG0_IRQHandler)
    __arm_cp.8_7                             0x00000ce4   Number         4  main.o(.text.TIMG0_IRQHandler)
    [Anonymous Symbol]                       0x00000ce8   Section        0  main.o(.text.circle_left)
    __arm_cp.6_0                             0x00000df8   Number         4  main.o(.text.circle_left)
    __arm_cp.6_1                             0x00000dfc   Number         4  main.o(.text.circle_left)
    __arm_cp.6_2                             0x00000e00   Number         4  main.o(.text.circle_left)
    __arm_cp.6_3                             0x00000e04   Number         4  main.o(.text.circle_left)
    __arm_cp.6_6                             0x00000e08   Number         4  main.o(.text.circle_left)
    __arm_cp.6_7                             0x00000e0c   Number         4  main.o(.text.circle_left)
    __arm_cp.6_8                             0x00000e10   Number         4  main.o(.text.circle_left)
    __arm_cp.6_9                             0x00000e14   Number         4  main.o(.text.circle_left)
    [Anonymous Symbol]                       0x00000e18   Section        0  main.o(.text.circle_right)
    __arm_cp.5_0                             0x00000fe4   Number         4  main.o(.text.circle_right)
    __arm_cp.5_1                             0x00000fe8   Number         4  main.o(.text.circle_right)
    __arm_cp.5_2                             0x00000fec   Number         4  main.o(.text.circle_right)
    __arm_cp.5_3                             0x00000ff0   Number         4  main.o(.text.circle_right)
    __arm_cp.5_4                             0x00000ff4   Number         4  main.o(.text.circle_right)
    __arm_cp.5_5                             0x00000ff8   Number         4  main.o(.text.circle_right)
    __arm_cp.5_6                             0x00000ffc   Number         4  main.o(.text.circle_right)
    __arm_cp.5_7                             0x00001000   Number         4  main.o(.text.circle_right)
    __arm_cp.5_8                             0x00001004   Number         4  main.o(.text.circle_right)
    __arm_cp.5_9                             0x00001008   Number         4  main.o(.text.circle_right)
    __arm_cp.5_10                            0x0000100c   Number         4  main.o(.text.circle_right)
    __arm_cp.5_11                            0x00001010   Number         4  main.o(.text.circle_right)
    __arm_cp.5_12                            0x00001014   Number         4  main.o(.text.circle_right)
    __arm_cp.5_13                            0x00001018   Number         4  main.o(.text.circle_right)
    __arm_cp.5_14                            0x0000101c   Number         4  main.o(.text.circle_right)
    __arm_cp.5_15                            0x00001020   Number         4  main.o(.text.circle_right)
    __arm_cp.5_16                            0x00001024   Number         4  main.o(.text.circle_right)
    [Anonymous Symbol]                       0x00001028   Section        0  drv_oled.o(.text.display_6_8_number_f1)
    [Anonymous Symbol]                       0x00001030   Section        0  drv_i2c.o(.text.i2c0_write_n_byte)
    __arm_cp.1_0                             0x000010e4   Number         4  drv_i2c.o(.text.i2c0_write_n_byte)
    __arm_cp.1_1                             0x000010e8   Number         4  drv_i2c.o(.text.i2c0_write_n_byte)
    __arm_cp.1_2                             0x000010ec   Number         4  drv_i2c.o(.text.i2c0_write_n_byte)
    __arm_cp.1_3                             0x000010f0   Number         4  drv_i2c.o(.text.i2c0_write_n_byte)
    __arm_cp.1_4                             0x000010f4   Number         4  drv_i2c.o(.text.i2c0_write_n_byte)
    [Anonymous Symbol]                       0x000010f8   Section        0  main.o(.text.key_scan)
    __arm_cp.1_0                             0x000012b8   Number         4  main.o(.text.key_scan)
    __arm_cp.1_3                             0x000012bc   Number         4  main.o(.text.key_scan)
    [Anonymous Symbol]                       0x000012c0   Section        0  main.o(.text.main)
    __arm_cp.7_0                             0x000014c4   Number         4  main.o(.text.main)
    __arm_cp.7_1                             0x000014c8   Number         4  main.o(.text.main)
    __arm_cp.7_2                             0x000014cc   Number         4  main.o(.text.main)
    __arm_cp.7_3                             0x000014d0   Number         4  main.o(.text.main)
    __arm_cp.7_4                             0x000014d4   Number         4  main.o(.text.main)
    __arm_cp.7_5                             0x000014d8   Number         4  main.o(.text.main)
    __arm_cp.7_6                             0x000014dc   Number         4  main.o(.text.main)
    __arm_cp.7_7                             0x000014e0   Number         4  main.o(.text.main)
    __arm_cp.7_8                             0x000014e4   Number         4  main.o(.text.main)
    __arm_cp.7_9                             0x000014e8   Number         4  main.o(.text.main)
    __arm_cp.7_10                            0x000014ec   Number         4  main.o(.text.main)
    __arm_cp.7_11                            0x000014f0   Number         4  main.o(.text.main)
    [Anonymous Symbol]                       0x000014f4   Section        0  drv_oled.o(.text.oled_init)
    [Anonymous Symbol]                       0x00001518   Section        0  ssd1306.o(.text.ssd1306_begin)
    __arm_cp.4_0                             0x0000161c   Number         4  ssd1306.o(.text.ssd1306_begin)
    __arm_cp.4_1                             0x00001620   Number         4  ssd1306.o(.text.ssd1306_begin)
    __arm_cp.4_2                             0x00001624   Number         4  ssd1306.o(.text.ssd1306_begin)
    __arm_cp.4_3                             0x00001628   Number         4  ssd1306.o(.text.ssd1306_begin)
    __arm_cp.4_4                             0x0000162c   Number         4  ssd1306.o(.text.ssd1306_begin)
    __arm_cp.4_5                             0x00001630   Number         4  ssd1306.o(.text.ssd1306_begin)
    __arm_cp.4_6                             0x00001634   Number         4  ssd1306.o(.text.ssd1306_begin)
    __arm_cp.4_7                             0x00001638   Number         4  ssd1306.o(.text.ssd1306_begin)
    __arm_cp.4_8                             0x0000163c   Number         4  ssd1306.o(.text.ssd1306_begin)
    __arm_cp.4_9                             0x00001640   Number         4  ssd1306.o(.text.ssd1306_begin)
    __arm_cp.4_10                            0x00001644   Number         4  ssd1306.o(.text.ssd1306_begin)
    __arm_cp.4_11                            0x00001648   Number         4  ssd1306.o(.text.ssd1306_begin)
    __arm_cp.4_12                            0x0000164c   Number         4  ssd1306.o(.text.ssd1306_begin)
    [Anonymous Symbol]                       0x00001650   Section        0  drv_oled.o(.text.write_6_8_number_f1)
    __arm_cp.14_0                            0x000018ac   Number         4  drv_oled.o(.text.write_6_8_number_f1)
    __arm_cp.14_1                            0x000018b0   Number         4  drv_oled.o(.text.write_6_8_number_f1)
    __arm_cp.14_2                            0x000018b4   Number         4  drv_oled.o(.text.write_6_8_number_f1)
    __arm_cp.14_3                            0x000018b8   Number         4  drv_oled.o(.text.write_6_8_number_f1)
    __arm_cp.14_4                            0x000018bc   Number         4  drv_oled.o(.text.write_6_8_number_f1)
    __arm_cp.14_5                            0x000018c0   Number         4  drv_oled.o(.text.write_6_8_number_f1)
    __arm_cp.14_6                            0x000018c4   Number         4  drv_oled.o(.text.write_6_8_number_f1)
    __arm_cp.14_7                            0x000018c8   Number         4  drv_oled.o(.text.write_6_8_number_f1)
    __arm_cp.14_8                            0x000018cc   Number         4  drv_oled.o(.text.write_6_8_number_f1)
    __arm_cp.14_9                            0x000018d0   Number         4  drv_oled.o(.text.write_6_8_number_f1)
    __arm_cp.14_10                           0x000018d4   Number         4  drv_oled.o(.text.write_6_8_number_f1)
    __arm_cp.14_11                           0x000018d8   Number         4  drv_oled.o(.text.write_6_8_number_f1)
    __arm_cp.14_12                           0x000018dc   Number         4  drv_oled.o(.text.write_6_8_number_f1)
    __arm_cp.14_13                           0x000018e0   Number         4  drv_oled.o(.text.write_6_8_number_f1)
    __arm_cp.14_14                           0x000018e4   Number         4  drv_oled.o(.text.write_6_8_number_f1)
    __arm_cp.14_15                           0x000018e8   Number         4  drv_oled.o(.text.write_6_8_number_f1)
    .text_divfast                            0x000018ec   Section      502  aeabi_sdivfast.o(.text_divfast)
    i._fgeq                                  0x00001ae2   Section        0  fcmp.o(i._fgeq)
    i._fls                                   0x00001af8   Section        0  fcmp.o(i._fls)
    x$fpl$fadd                               0x00001b10   Section      140  faddsub.o(x$fpl$fadd)
    _fadd1                                   0x00001b1d   Thumb Code     0  faddsub.o(x$fpl$fadd)
    x$fpl$fgeqf                              0x00001b9c   Section       84  fgef.o(x$fpl$fgeqf)
    x$fpl$fleqf                              0x00001bf0   Section       84  flef.o(x$fpl$fleqf)
    x$fpl$fmul                               0x00001c44   Section      176  fmul.o(x$fpl$fmul)
    x$fpl$fsub                               0x00001cf4   Section      208  faddsub.o(x$fpl$fsub)
    _fsub1                                   0x00001d01   Thumb Code     0  faddsub.o(x$fpl$fsub)
    x$fpl$usenofp                            0x00001dc4   Section        0  usenofp.o(x$fpl$usenofp)
    [Anonymous Symbol]                       0x000023ec   Section        0  main.o(.rodata.cst16)
    gI2C_0ClockConfig                        0x0000240c   Data           2  ti_msp_dl_config.o(.rodata.gI2C_0ClockConfig)
    [Anonymous Symbol]                       0x0000240c   Section        0  ti_msp_dl_config.o(.rodata.gI2C_0ClockConfig)
    gTIMER_0ClockConfig                      0x0000240e   Data           3  ti_msp_dl_config.o(.rodata.gTIMER_0ClockConfig)
    [Anonymous Symbol]                       0x0000240e   Section        0  ti_msp_dl_config.o(.rodata.gTIMER_0ClockConfig)
    gTIMER_0TimerConfig                      0x00002414   Data          20  ti_msp_dl_config.o(.rodata.gTIMER_0TimerConfig)
    [Anonymous Symbol]                       0x00002414   Section        0  ti_msp_dl_config.o(.rodata.gTIMER_0TimerConfig)
    .bss                                     0x20200018   Section       96  libspace.o(.bss)
    HEIGHT                                   0x20200078   Data           1  ssd1306.o(.bss.HEIGHT)
    [Anonymous Symbol]                       0x20200078   Section        0  ssd1306.o(.bss.HEIGHT)
    WIDTH                                    0x2020007a   Data           1  ssd1306.o(.bss.WIDTH)
    [Anonymous Symbol]                       0x2020007a   Section        0  ssd1306.o(.bss.WIDTH)
    _height                                  0x2020007c   Data           2  ssd1306.o(.bss._height)
    [Anonymous Symbol]                       0x2020007c   Section        0  ssd1306.o(.bss._height)
    _vccstate                                0x2020007e   Data           1  ssd1306.o(.bss._vccstate)
    [Anonymous Symbol]                       0x2020007e   Section        0  ssd1306.o(.bss._vccstate)
    _width                                   0x20200080   Data           2  ssd1306.o(.bss._width)
    [Anonymous Symbol]                       0x20200080   Section        0  ssd1306.o(.bss._width)
    cursor_x                                 0x20200084   Data           2  ssd1306.o(.bss.cursor_x)
    [Anonymous Symbol]                       0x20200084   Section        0  ssd1306.o(.bss.cursor_x)
    cursor_y                                 0x20200086   Data           2  ssd1306.o(.bss.cursor_y)
    [Anonymous Symbol]                       0x20200086   Section        0  ssd1306.o(.bss.cursor_y)
    i2c0_write_n_byte.temp_reg_dddr          0x20200089   Data           1  drv_i2c.o(.bss.i2c0_write_n_byte.temp_reg_dddr)
    [Anonymous Symbol]                       0x20200089   Section        0  drv_i2c.o(.bss.i2c0_write_n_byte.temp_reg_dddr)
    rotation                                 0x20200094   Data           1  ssd1306.o(.bss.rotation)
    [Anonymous Symbol]                       0x20200094   Section        0  ssd1306.o(.bss.rotation)
    textbgcolor                              0x20200096   Data           2  ssd1306.o(.bss.textbgcolor)
    [Anonymous Symbol]                       0x20200096   Section        0  ssd1306.o(.bss.textbgcolor)
    textcolor                                0x20200098   Data           2  ssd1306.o(.bss.textcolor)
    [Anonymous Symbol]                       0x20200098   Section        0  ssd1306.o(.bss.textcolor)
    textsize                                 0x2020009a   Data           1  ssd1306.o(.bss.textsize)
    [Anonymous Symbol]                       0x2020009a   Section        0  ssd1306.o(.bss.textsize)
    Heap_Mem                                 0x202000a0   Data           0  startup_mspm0g350x_uvision.o(HEAP)
    Stack_Mem                                0x202000a0   Data         256  startup_mspm0g350x_uvision.o(STACK)
    HEAP                                     0x202000a0   Section        0  startup_mspm0g350x_uvision.o(HEAP)
    STACK                                    0x202000a0   Section      256  startup_mspm0g350x_uvision.o(STACK)
    __initial_sp                             0x202001a0   Data           0  startup_mspm0g350x_uvision.o(STACK)

    Global Symbols

    Symbol Name                              Value     Ov Type        Size  Object(Section)

    BuildAttributes$$THM_ISAv3M$S$PE$A:L22$X:L11$S22$IEEE1$IW$~IW$USESV6$~STKCKD$USESV7$~SHL$OTIME$ROPI$EBA8$UX$STANDARDLIB$REQ8$PRES8$EABIv2 0x00000000   Number         0  anon$$obj.o ABSOLUTE
    __Vectors                                0x00000000   Data           4  startup_mspm0g350x_uvision.o(RESET)
    __ARM_exceptions_init                     - Undefined Weak Reference
    __alloca_initialize                       - Undefined Weak Reference
    __arm_preinit_                            - Undefined Weak Reference
    __arm_relocate_pie_                       - Undefined Weak Reference
    __cpp_initialize__aeabi_                  - Undefined Weak Reference
    __cxa_finalize                            - Undefined Weak Reference
    __rt_locale                               - Undefined Weak Reference
    __sigvec_lookup                           - Undefined Weak Reference
    _atexit_init                              - Undefined Weak Reference
    _call_atexit_fns                          - Undefined Weak Reference
    _clock_init                               - Undefined Weak Reference
    _fp_trap_init                             - Undefined Weak Reference
    _fp_trap_shutdown                         - Undefined Weak Reference
    _get_lc_collate                           - Undefined Weak Reference
    _get_lc_ctype                             - Undefined Weak Reference
    _get_lc_monetary                          - Undefined Weak Reference
    _get_lc_numeric                           - Undefined Weak Reference
    _get_lc_time                              - Undefined Weak Reference
    _getenv_init                              - Undefined Weak Reference
    _handle_redirection                       - Undefined Weak Reference
    _init_alloc                               - Undefined Weak Reference
    _init_user_alloc                          - Undefined Weak Reference
    _initio                                   - Undefined Weak Reference
    _rand_init                                - Undefined Weak Reference
    _signal_finish                            - Undefined Weak Reference
    _signal_init                              - Undefined Weak Reference
    _terminate_alloc                          - Undefined Weak Reference
    _terminate_user_alloc                     - Undefined Weak Reference
    _terminateio                              - Undefined Weak Reference
    __Vectors_End                            0x000000c0   Data           0  startup_mspm0g350x_uvision.o(RESET)
    __Vectors_Size                           0x000000c0   Number         0  startup_mspm0g350x_uvision.o ABSOLUTE
    __main                                   0x000000c1   Thumb Code     8  __main.o(!!!main)
    __scatterload                            0x000000c9   Thumb Code     0  __scatter.o(!!!scatter)
    __scatterload_rt2                        0x000000c9   Thumb Code    74  __scatter.o(!!!scatter)
    __scatterload_rt2_thumb_only             0x000000c9   Thumb Code     0  __scatter.o(!!!scatter)
    __scatterload_loop                       0x000000d3   Thumb Code     0  __scatter.o(!!!scatter)
    __scatterload_copy                       0x00000121   Thumb Code    26  __scatter_copy.o(!!handler_copy)
    __scatterload_null                       0x00000141   Thumb Code     2  __scatter.o(!!handler_null)
    __scatterload_zeroinit                   0x00000149   Thumb Code    28  __scatter_zi.o(!!handler_zi)
    __rt_lib_init                            0x00000165   Thumb Code     0  libinit.o(.ARM.Collect$$libinit$$00000000)
    __rt_lib_init_alloca_1                   0x00000167   Thumb Code     0  libinit2.o(.ARM.Collect$$libinit$$00000030)
    __rt_lib_init_argv_1                     0x00000167   Thumb Code     0  libinit2.o(.ARM.Collect$$libinit$$0000002E)
    __rt_lib_init_atexit_1                   0x00000167   Thumb Code     0  libinit2.o(.ARM.Collect$$libinit$$0000001D)
    __rt_lib_init_clock_1                    0x00000167   Thumb Code     0  libinit2.o(.ARM.Collect$$libinit$$00000023)
    __rt_lib_init_cpp_1                      0x00000167   Thumb Code     0  libinit2.o(.ARM.Collect$$libinit$$00000034)
    __rt_lib_init_exceptions_1               0x00000167   Thumb Code     0  libinit2.o(.ARM.Collect$$libinit$$00000032)
    __rt_lib_init_fp_1                       0x00000167   Thumb Code     0  libinit2.o(.ARM.Collect$$libinit$$00000002)
    __rt_lib_init_fp_trap_1                  0x00000167   Thumb Code     0  libinit2.o(.ARM.Collect$$libinit$$00000021)
    __rt_lib_init_getenv_1                   0x00000167   Thumb Code     0  libinit2.o(.ARM.Collect$$libinit$$00000025)
    __rt_lib_init_heap_1                     0x00000167   Thumb Code     0  libinit2.o(.ARM.Collect$$libinit$$0000000C)
    __rt_lib_init_lc_collate_1               0x00000167   Thumb Code     0  libinit2.o(.ARM.Collect$$libinit$$00000013)
    __rt_lib_init_lc_ctype_1                 0x00000167   Thumb Code     0  libinit2.o(.ARM.Collect$$libinit$$00000015)
    __rt_lib_init_lc_monetary_1              0x00000167   Thumb Code     0  libinit2.o(.ARM.Collect$$libinit$$00000017)
    __rt_lib_init_lc_numeric_1               0x00000167   Thumb Code     0  libinit2.o(.ARM.Collect$$libinit$$00000019)
    __rt_lib_init_lc_time_1                  0x00000167   Thumb Code     0  libinit2.o(.ARM.Collect$$libinit$$0000001B)
    __rt_lib_init_preinit_1                  0x00000167   Thumb Code     0  libinit2.o(.ARM.Collect$$libinit$$00000006)
    __rt_lib_init_rand_1                     0x00000167   Thumb Code     0  libinit2.o(.ARM.Collect$$libinit$$00000010)
    __rt_lib_init_relocate_pie_1             0x00000167   Thumb Code     0  libinit2.o(.ARM.Collect$$libinit$$00000004)
    __rt_lib_init_return                     0x00000167   Thumb Code     0  libinit2.o(.ARM.Collect$$libinit$$00000035)
    __rt_lib_init_signal_1                   0x00000167   Thumb Code     0  libinit2.o(.ARM.Collect$$libinit$$0000001F)
    __rt_lib_init_stdio_1                    0x00000167   Thumb Code     0  libinit2.o(.ARM.Collect$$libinit$$00000027)
    __rt_lib_init_user_alloc_1               0x00000167   Thumb Code     0  libinit2.o(.ARM.Collect$$libinit$$0000000E)
    __rt_lib_shutdown                        0x00000169   Thumb Code     0  libshutdown.o(.ARM.Collect$$libshutdown$$00000000)
    __rt_lib_shutdown_cpp_1                  0x0000016b   Thumb Code     0  libshutdown2.o(.ARM.Collect$$libshutdown$$00000002)
    __rt_lib_shutdown_fp_trap_1              0x0000016b   Thumb Code     0  libshutdown2.o(.ARM.Collect$$libshutdown$$00000007)
    __rt_lib_shutdown_heap_1                 0x0000016b   Thumb Code     0  libshutdown2.o(.ARM.Collect$$libshutdown$$0000000F)
    __rt_lib_shutdown_return                 0x0000016b   Thumb Code     0  libshutdown2.o(.ARM.Collect$$libshutdown$$00000010)
    __rt_lib_shutdown_signal_1               0x0000016b   Thumb Code     0  libshutdown2.o(.ARM.Collect$$libshutdown$$0000000A)
    __rt_lib_shutdown_stdio_1                0x0000016b   Thumb Code     0  libshutdown2.o(.ARM.Collect$$libshutdown$$00000004)
    __rt_lib_shutdown_user_alloc_1           0x0000016b   Thumb Code     0  libshutdown2.o(.ARM.Collect$$libshutdown$$0000000C)
    __rt_entry                               0x0000016d   Thumb Code     0  __rtentry.o(.ARM.Collect$$rtentry$$00000000)
    __rt_entry_presh_1                       0x0000016d   Thumb Code     0  __rtentry2.o(.ARM.Collect$$rtentry$$00000002)
    __rt_entry_sh                            0x0000016d   Thumb Code     0  __rtentry4.o(.ARM.Collect$$rtentry$$00000004)
    __rt_entry_li                            0x00000173   Thumb Code     0  __rtentry2.o(.ARM.Collect$$rtentry$$0000000A)
    __rt_entry_postsh_1                      0x00000173   Thumb Code     0  __rtentry2.o(.ARM.Collect$$rtentry$$00000009)
    __rt_entry_main                          0x00000177   Thumb Code     0  __rtentry2.o(.ARM.Collect$$rtentry$$0000000D)
    __rt_entry_postli_1                      0x00000177   Thumb Code     0  __rtentry2.o(.ARM.Collect$$rtentry$$0000000C)
    __rt_exit                                0x0000017f   Thumb Code     0  rtexit.o(.ARM.Collect$$rtexit$$00000000)
    __rt_exit_ls                             0x00000181   Thumb Code     0  rtexit2.o(.ARM.Collect$$rtexit$$00000003)
    __rt_exit_prels_1                        0x00000181   Thumb Code     0  rtexit2.o(.ARM.Collect$$rtexit$$00000002)
    __rt_exit_exit                           0x00000185   Thumb Code     0  rtexit2.o(.ARM.Collect$$rtexit$$00000004)
    Reset_Handler                            0x0000018d   Thumb Code     4  startup_mspm0g350x_uvision.o(.text)
    NMI_Handler                              0x00000191   Thumb Code     2  startup_mspm0g350x_uvision.o(.text)
    HardFault_Handler                        0x00000193   Thumb Code     2  startup_mspm0g350x_uvision.o(.text)
    SVC_Handler                              0x00000195   Thumb Code     2  startup_mspm0g350x_uvision.o(.text)
    PendSV_Handler                           0x00000197   Thumb Code     2  startup_mspm0g350x_uvision.o(.text)
    SysTick_Handler                          0x00000199   Thumb Code     2  startup_mspm0g350x_uvision.o(.text)
    ADC0_IRQHandler                          0x0000019b   Thumb Code     0  startup_mspm0g350x_uvision.o(.text)
    ADC1_IRQHandler                          0x0000019b   Thumb Code     0  startup_mspm0g350x_uvision.o(.text)
    AES_IRQHandler                           0x0000019b   Thumb Code     0  startup_mspm0g350x_uvision.o(.text)
    CANFD0_IRQHandler                        0x0000019b   Thumb Code     0  startup_mspm0g350x_uvision.o(.text)
    DAC0_IRQHandler                          0x0000019b   Thumb Code     0  startup_mspm0g350x_uvision.o(.text)
    DMA_IRQHandler                           0x0000019b   Thumb Code     0  startup_mspm0g350x_uvision.o(.text)
    Default_Handler                          0x0000019b   Thumb Code     2  startup_mspm0g350x_uvision.o(.text)
    GROUP0_IRQHandler                        0x0000019b   Thumb Code     0  startup_mspm0g350x_uvision.o(.text)
    GROUP1_IRQHandler                        0x0000019b   Thumb Code     0  startup_mspm0g350x_uvision.o(.text)
    I2C0_IRQHandler                          0x0000019b   Thumb Code     0  startup_mspm0g350x_uvision.o(.text)
    I2C1_IRQHandler                          0x0000019b   Thumb Code     0  startup_mspm0g350x_uvision.o(.text)
    RTC_IRQHandler                           0x0000019b   Thumb Code     0  startup_mspm0g350x_uvision.o(.text)
    SPI0_IRQHandler                          0x0000019b   Thumb Code     0  startup_mspm0g350x_uvision.o(.text)
    SPI1_IRQHandler                          0x0000019b   Thumb Code     0  startup_mspm0g350x_uvision.o(.text)
    TIMA0_IRQHandler                         0x0000019b   Thumb Code     0  startup_mspm0g350x_uvision.o(.text)
    TIMA1_IRQHandler                         0x0000019b   Thumb Code     0  startup_mspm0g350x_uvision.o(.text)
    TIMG12_IRQHandler                        0x0000019b   Thumb Code     0  startup_mspm0g350x_uvision.o(.text)
    TIMG6_IRQHandler                         0x0000019b   Thumb Code     0  startup_mspm0g350x_uvision.o(.text)
    TIMG7_IRQHandler                         0x0000019b   Thumb Code     0  startup_mspm0g350x_uvision.o(.text)
    TIMG8_IRQHandler                         0x0000019b   Thumb Code     0  startup_mspm0g350x_uvision.o(.text)
    UART0_IRQHandler                         0x0000019b   Thumb Code     0  startup_mspm0g350x_uvision.o(.text)
    UART1_IRQHandler                         0x0000019b   Thumb Code     0  startup_mspm0g350x_uvision.o(.text)
    UART2_IRQHandler                         0x0000019b   Thumb Code     0  startup_mspm0g350x_uvision.o(.text)
    UART3_IRQHandler                         0x0000019b   Thumb Code     0  startup_mspm0g350x_uvision.o(.text)
    __user_initial_stackheap                 0x0000019d   Thumb Code    10  startup_mspm0g350x_uvision.o(.text)
    __use_two_region_memory                  0x000001b9   Thumb Code     2  heapauxi.o(.text)
    __rt_heap_escrow$2region                 0x000001bb   Thumb Code     2  heapauxi.o(.text)
    __rt_heap_expand$2region                 0x000001bd   Thumb Code     2  heapauxi.o(.text)
    __aeabi_f2iz                             0x000001bf   Thumb Code     0  ffixi.o(.text)
    _ffix                                    0x000001bf   Thumb Code    76  ffixi.o(.text)
    __aeabi_i2f_normalise                    0x0000020b   Thumb Code    72  fflti.o(.text)
    __aeabi_i2f                              0x00000253   Thumb Code    16  fflti.o(.text)
    _fflt                                    0x00000253   Thumb Code     0  fflti.o(.text)
    __aeabi_ui2f                             0x00000263   Thumb Code     6  fflti.o(.text)
    _ffltu                                   0x00000263   Thumb Code     0  fflti.o(.text)
    __fpl_fcmp_InfNaN                        0x00000269   Thumb Code    96  fcmpin.o(.text)
    __user_setup_stackheap                   0x000002cd   Thumb Code    62  sys_stackheap_outer.o(.text)
    exit                                     0x0000030b   Thumb Code    16  exit.o(.text)
    __fpl_cmpreturn                          0x0000031b   Thumb Code    46  cmpret.o(.text)
    __fpl_fcheck_NaN2                        0x00000349   Thumb Code    10  fnan2.o(.text)
    __user_libspace                          0x00000359   Thumb Code     8  libspace.o(.text)
    __user_perproc_libspace                  0x00000359   Thumb Code     0  libspace.o(.text)
    __user_perthread_libspace                0x00000359   Thumb Code     0  libspace.o(.text)
    __fpl_return_NaN                         0x00000361   Thumb Code    94  retnan.o(.text)
    _sys_exit                                0x000003c1   Thumb Code     8  sys_exit.o(.text)
    __I$use$semihosting                      0x000003cd   Thumb Code     0  use_no_semi.o(.text)
    __use_no_semihosting_swi                 0x000003cd   Thumb Code     2  use_no_semi.o(.text)
    DL_Common_delayCycles                    0x000003cf   Thumb Code    10  dl_common.o(.text.DL_Common_delayCycles)
    __semihosting_library_function           0x000003cf   Thumb Code     0  indicate_semi.o(.text)
    DL_I2C_fillControllerTXFIFO              0x000003d9   Thumb Code   128  dl_i2c.o(.text.DL_I2C_fillControllerTXFIFO)
    DL_I2C_flushControllerTXFIFO             0x00000459   Thumb Code    64  dl_i2c.o(.text.DL_I2C_flushControllerTXFIFO)
    DL_I2C_setClockConfig                    0x0000049d   Thumb Code    38  dl_i2c.o(.text.DL_I2C_setClockConfig)
    DL_Timer_initTimerMode                   0x000004c5   Thumb Code   220  dl_timer.o(.text.DL_Timer_initTimerMode)
    DL_Timer_setClockConfig                  0x000005ad   Thumb Code    24  dl_timer.o(.text.DL_Timer_setClockConfig)
    Draw_Logo                                0x000005c9   Thumb Code   108  drv_oled.o(.text.Draw_Logo)
    LCD_P6x8Char                             0x00000639   Thumb Code   224  drv_oled.o(.text.LCD_P6x8Char)
    LCD_P6x8Str                              0x00000719   Thumb Code   260  drv_oled.o(.text.LCD_P6x8Str)
    LCD_clear_L                              0x00000821   Thumb Code   146  drv_oled.o(.text.LCD_clear_L)
    OLED_Fill                                0x000008b3   Thumb Code    98  drv_oled.o(.text.OLED_Fill)
    OLED_WrCmd                               0x00000915   Thumb Code    22  drv_oled.o(.text.OLED_WrCmd)
    SYSCFG_DL_GPIO_init                      0x0000092d   Thumb Code    80  ti_msp_dl_config.o(.text.SYSCFG_DL_GPIO_init)
    SYSCFG_DL_I2C_0_init                     0x00000991   Thumb Code    72  ti_msp_dl_config.o(.text.SYSCFG_DL_I2C_0_init)
    SYSCFG_DL_SYSCTL_init                    0x000009e5   Thumb Code    20  ti_msp_dl_config.o(.text.SYSCFG_DL_SYSCTL_init)
    SYSCFG_DL_TIMER_0_init                   0x00000a01   Thumb Code    36  ti_msp_dl_config.o(.text.SYSCFG_DL_TIMER_0_init)
    SYSCFG_DL_init                           0x00000a39   Thumb Code    24  ti_msp_dl_config.o(.text.SYSCFG_DL_init)
    SYSCFG_DL_initPower                      0x00000a51   Thumb Code    40  ti_msp_dl_config.o(.text.SYSCFG_DL_initPower)
    Straight_left                            0x00000a91   Thumb Code   192  main.o(.text.Straight_left)
    Straight_right                           0x00000b7d   Thumb Code   204  main.o(.text.Straight_right)
    TIMG0_IRQHandler                         0x00000c55   Thumb Code   132  main.o(.text.TIMG0_IRQHandler)
    circle_left                              0x00000ce9   Thumb Code   272  main.o(.text.circle_left)
    circle_right                             0x00000e19   Thumb Code   460  main.o(.text.circle_right)
    display_6_8_number_f1                    0x00001029   Thumb Code     8  drv_oled.o(.text.display_6_8_number_f1)
    i2c0_write_n_byte                        0x00001031   Thumb Code   180  drv_i2c.o(.text.i2c0_write_n_byte)
    key_scan                                 0x000010f9   Thumb Code   448  main.o(.text.key_scan)
    main                                     0x000012c1   Thumb Code   516  main.o(.text.main)
    oled_init                                0x000014f5   Thumb Code    36  drv_oled.o(.text.oled_init)
    ssd1306_begin                            0x00001519   Thumb Code   260  ssd1306.o(.text.ssd1306_begin)
    write_6_8_number_f1                      0x00001651   Thumb Code   604  drv_oled.o(.text.write_6_8_number_f1)
    __aeabi_uidiv                            0x000018ed   Thumb Code    68  aeabi_sdivfast.o(.text_divfast)
    __aeabi_idiv                             0x00001931   Thumb Code   434  aeabi_sdivfast.o(.text_divfast)
    __aeabi_fcmpge                           0x00001ae3   Thumb Code     0  fcmp.o(i._fgeq)
    _fgeq                                    0x00001ae3   Thumb Code    22  fcmp.o(i._fgeq)
    __aeabi_fcmplt                           0x00001af9   Thumb Code     0  fcmp.o(i._fls)
    _fls                                     0x00001af9   Thumb Code    22  fcmp.o(i._fls)
    __aeabi_fadd                             0x00001b11   Thumb Code     0  faddsub.o(x$fpl$fadd)
    _fadd                                    0x00001b11   Thumb Code   134  faddsub.o(x$fpl$fadd)
    _fcmpge                                  0x00001b9d   Thumb Code    78  fgef.o(x$fpl$fgeqf)
    __aeabi_cfcmple                          0x00001bf1   Thumb Code     0  flef.o(x$fpl$fleqf)
    _fcmple                                  0x00001bf1   Thumb Code    78  flef.o(x$fpl$fleqf)
    __aeabi_fmul                             0x00001c45   Thumb Code     0  fmul.o(x$fpl$fmul)
    _fmul                                    0x00001c45   Thumb Code   172  fmul.o(x$fpl$fmul)
    __aeabi_fsub                             0x00001cf5   Thumb Code     0  faddsub.o(x$fpl$fsub)
    _fsub                                    0x00001cf5   Thumb Code   204  faddsub.o(x$fpl$fsub)
    F6x8                                     0x00001dc4   Data         552  drv_oled.o(.rodata.F6x8)
    __I$use$fp                               0x00001dc4   Number         0  usenofp.o(x$fpl$usenofp)
    NC_Logo                                  0x00001fec   Data        1024  drv_oled.o(.rodata.NC_Logo)
    Region$$Table$$Base                      0x00002428   Number         0  anon$$obj.o(Region$$Table)
    Region$$Table$$Limit                     0x00002448   Number         0  anon$$obj.o(Region$$Table)
    buzzer_time                              0x20200000   Data           4  main.o(.data.buzzer_time)
    circle_distance                          0x20200004   Data           4  main.o(.data.circle_distance)
    i                                        0x20200008   Data           2  main.o(.data.i)
    straight_distance                        0x2020000c   Data           4  main.o(.data.straight_distance)
    straight_turn                            0x20200010   Data           4  main.o(.data.straight_turn)
    turn_distance                            0x20200014   Data           4  main.o(.data.turn_distance)
    __libspace_start                         0x20200018   Data          96  libspace.o(.bss)
    __temporary_stack_top$libspace           0x20200078   Data           0  libspace.o(.bss)
    _cp437                                   0x2020007b   Data           1  ssd1306.o(.bss._cp437)
    corr_flag                                0x20200082   Data           1  main.o(.bss.corr_flag)
    finish_flag                              0x20200088   Data           1  main.o(.bss.finish_flag)
    j                                        0x2020008a   Data           1  main.o(.bss.j)
    left_num                                 0x2020008c   Data           4  main.o(.bss.left_num)
    right_num                                0x20200090   Data           4  main.o(.bss.right_num)
    task_flag                                0x20200095   Data           1  main.o(.bss.task_flag)
    wrap                                     0x2020009b   Data           1  ssd1306.o(.bss.wrap)



==============================================================================

Memory Map of the image

  Image Entry point : 0x000000c1

  Load Region LR_IROM1 (Base: 0x00000000, Size: 0x00002460, Max: 0x00020000, ABSOLUTE)

    Execution Region ER_IROM1 (Exec base: 0x00000000, Load base: 0x00000000, Size: 0x00002448, Max: 0x00020000, ABSOLUTE)

    Exec Addr    Load Addr    Size         Type   Attr      Idx    E Section Name        Object

    0x00000000   0x00000000   0x000000c0   Data   RO         1023    RESET               startup_mspm0g350x_uvision.o
    0x000000c0   0x000000c0   0x00000008   Code   RO         1044  * !!!main             c_p.l(__main.o)
    0x000000c8   0x000000c8   0x00000054   Code   RO         1260    !!!scatter          c_p.l(__scatter.o)
    0x0000011c   0x0000011c   0x00000004   PAD
    0x00000120   0x00000120   0x0000001a   Code   RO         1264    !!handler_copy      c_p.l(__scatter_copy.o)
    0x0000013a   0x0000013a   0x00000006   PAD
    0x00000140   0x00000140   0x00000002   Code   RO         1261    !!handler_null      c_p.l(__scatter.o)
    0x00000142   0x00000142   0x00000006   PAD
    0x00000148   0x00000148   0x0000001c   Code   RO         1266    !!handler_zi        c_p.l(__scatter_zi.o)
    0x00000164   0x00000164   0x00000002   Code   RO         1115    .ARM.Collect$$libinit$$00000000  c_p.l(libinit.o)
    0x00000166   0x00000166   0x00000000   Code   RO         1133    .ARM.Collect$$libinit$$00000002  c_p.l(libinit2.o)
    0x00000166   0x00000166   0x00000000   Code   RO         1135    .ARM.Collect$$libinit$$00000004  c_p.l(libinit2.o)
    0x00000166   0x00000166   0x00000000   Code   RO         1137    .ARM.Collect$$libinit$$00000006  c_p.l(libinit2.o)
    0x00000166   0x00000166   0x00000000   Code   RO         1140    .ARM.Collect$$libinit$$0000000C  c_p.l(libinit2.o)
    0x00000166   0x00000166   0x00000000   Code   RO         1142    .ARM.Collect$$libinit$$0000000E  c_p.l(libinit2.o)
    0x00000166   0x00000166   0x00000000   Code   RO         1144    .ARM.Collect$$libinit$$00000010  c_p.l(libinit2.o)
    0x00000166   0x00000166   0x00000000   Code   RO         1147    .ARM.Collect$$libinit$$00000013  c_p.l(libinit2.o)
    0x00000166   0x00000166   0x00000000   Code   RO         1149    .ARM.Collect$$libinit$$00000015  c_p.l(libinit2.o)
    0x00000166   0x00000166   0x00000000   Code   RO         1151    .ARM.Collect$$libinit$$00000017  c_p.l(libinit2.o)
    0x00000166   0x00000166   0x00000000   Code   RO         1153    .ARM.Collect$$libinit$$00000019  c_p.l(libinit2.o)
    0x00000166   0x00000166   0x00000000   Code   RO         1155    .ARM.Collect$$libinit$$0000001B  c_p.l(libinit2.o)
    0x00000166   0x00000166   0x00000000   Code   RO         1157    .ARM.Collect$$libinit$$0000001D  c_p.l(libinit2.o)
    0x00000166   0x00000166   0x00000000   Code   RO         1159    .ARM.Collect$$libinit$$0000001F  c_p.l(libinit2.o)
    0x00000166   0x00000166   0x00000000   Code   RO         1161    .ARM.Collect$$libinit$$00000021  c_p.l(libinit2.o)
    0x00000166   0x00000166   0x00000000   Code   RO         1163    .ARM.Collect$$libinit$$00000023  c_p.l(libinit2.o)
    0x00000166   0x00000166   0x00000000   Code   RO         1165    .ARM.Collect$$libinit$$00000025  c_p.l(libinit2.o)
    0x00000166   0x00000166   0x00000000   Code   RO         1167    .ARM.Collect$$libinit$$00000027  c_p.l(libinit2.o)
    0x00000166   0x00000166   0x00000000   Code   RO         1171    .ARM.Collect$$libinit$$0000002E  c_p.l(libinit2.o)
    0x00000166   0x00000166   0x00000000   Code   RO         1173    .ARM.Collect$$libinit$$00000030  c_p.l(libinit2.o)
    0x00000166   0x00000166   0x00000000   Code   RO         1175    .ARM.Collect$$libinit$$00000032  c_p.l(libinit2.o)
    0x00000166   0x00000166   0x00000000   Code   RO         1177    .ARM.Collect$$libinit$$00000034  c_p.l(libinit2.o)
    0x00000166   0x00000166   0x00000002   Code   RO         1178    .ARM.Collect$$libinit$$00000035  c_p.l(libinit2.o)
    0x00000168   0x00000168   0x00000002   Code   RO         1215    .ARM.Collect$$libshutdown$$00000000  c_p.l(libshutdown.o)
    0x0000016a   0x0000016a   0x00000000   Code   RO         1243    .ARM.Collect$$libshutdown$$00000002  c_p.l(libshutdown2.o)
    0x0000016a   0x0000016a   0x00000000   Code   RO         1245    .ARM.Collect$$libshutdown$$00000004  c_p.l(libshutdown2.o)
    0x0000016a   0x0000016a   0x00000000   Code   RO         1248    .ARM.Collect$$libshutdown$$00000007  c_p.l(libshutdown2.o)
    0x0000016a   0x0000016a   0x00000000   Code   RO         1251    .ARM.Collect$$libshutdown$$0000000A  c_p.l(libshutdown2.o)
    0x0000016a   0x0000016a   0x00000000   Code   RO         1253    .ARM.Collect$$libshutdown$$0000000C  c_p.l(libshutdown2.o)
    0x0000016a   0x0000016a   0x00000000   Code   RO         1256    .ARM.Collect$$libshutdown$$0000000F  c_p.l(libshutdown2.o)
    0x0000016a   0x0000016a   0x00000002   Code   RO         1257    .ARM.Collect$$libshutdown$$00000010  c_p.l(libshutdown2.o)
    0x0000016c   0x0000016c   0x00000000   Code   RO         1070    .ARM.Collect$$rtentry$$00000000  c_p.l(__rtentry.o)
    0x0000016c   0x0000016c   0x00000000   Code   RO         1083    .ARM.Collect$$rtentry$$00000002  c_p.l(__rtentry2.o)
    0x0000016c   0x0000016c   0x00000006   Code   RO         1095    .ARM.Collect$$rtentry$$00000004  c_p.l(__rtentry4.o)
    0x00000172   0x00000172   0x00000000   Code   RO         1085    .ARM.Collect$$rtentry$$00000009  c_p.l(__rtentry2.o)
    0x00000172   0x00000172   0x00000004   Code   RO         1086    .ARM.Collect$$rtentry$$0000000A  c_p.l(__rtentry2.o)
    0x00000176   0x00000176   0x00000000   Code   RO         1088    .ARM.Collect$$rtentry$$0000000C  c_p.l(__rtentry2.o)
    0x00000176   0x00000176   0x00000008   Code   RO         1089    .ARM.Collect$$rtentry$$0000000D  c_p.l(__rtentry2.o)
    0x0000017e   0x0000017e   0x00000002   Code   RO         1124    .ARM.Collect$$rtexit$$00000000  c_p.l(rtexit.o)
    0x00000180   0x00000180   0x00000000   Code   RO         1186    .ARM.Collect$$rtexit$$00000002  c_p.l(rtexit2.o)
    0x00000180   0x00000180   0x00000004   Code   RO         1187    .ARM.Collect$$rtexit$$00000003  c_p.l(rtexit2.o)
    0x00000184   0x00000184   0x00000006   Code   RO         1188    .ARM.Collect$$rtexit$$00000004  c_p.l(rtexit2.o)
    0x0000018a   0x0000018a   0x00000002   PAD
    0x0000018c   0x0000018c   0x0000002c   Code   RO         1024    .text               startup_mspm0g350x_uvision.o
    0x000001b8   0x000001b8   0x00000006   Code   RO         1042    .text               c_p.l(heapauxi.o)
    0x000001be   0x000001be   0x0000004c   Code   RO         1064    .text               fz_ps.l(ffixi.o)
    0x0000020a   0x0000020a   0x0000005e   Code   RO         1066    .text               fz_ps.l(fflti.o)
    0x00000268   0x00000268   0x00000064   Code   RO         1099    .text               fz_ps.l(fcmpin.o)
    0x000002cc   0x000002cc   0x0000003e   Code   RO         1101    .text               c_p.l(sys_stackheap_outer.o)
    0x0000030a   0x0000030a   0x00000010   Code   RO         1104    .text               c_p.l(exit.o)
    0x0000031a   0x0000031a   0x0000002e   Code   RO         1116    .text               fz_ps.l(cmpret.o)
    0x00000348   0x00000348   0x00000010   Code   RO         1118    .text               fz_ps.l(fnan2.o)
    0x00000358   0x00000358   0x00000008   Code   RO         1120    .text               c_p.l(libspace.o)
    0x00000360   0x00000360   0x0000005e   Code   RO         1179    .text               fz_ps.l(retnan.o)
    0x000003be   0x000003be   0x00000002   PAD
    0x000003c0   0x000003c0   0x0000000c   Code   RO         1181    .text               c_p.l(sys_exit.o)
    0x000003cc   0x000003cc   0x00000002   Code   RO         1204    .text               c_p.l(use_no_semi.o)
    0x000003ce   0x000003ce   0x00000000   Code   RO         1206    .text               c_p.l(indicate_semi.o)
    0x000003ce   0x000003ce   0x0000000a   Code   RO           51    .text.DL_Common_delayCycles  dl_common.o
    0x000003d8   0x000003d8   0x00000080   Code   RO          271    .text.DL_I2C_fillControllerTXFIFO  dl_i2c.o
    0x00000458   0x00000458   0x00000044   Code   RO          273    .text.DL_I2C_flushControllerTXFIFO  dl_i2c.o
    0x0000049c   0x0000049c   0x00000026   Code   RO          267    .text.DL_I2C_setClockConfig  dl_i2c.o
    0x000004c2   0x000004c2   0x00000002   PAD
    0x000004c4   0x000004c4   0x000000e8   Code   RO          569    .text.DL_Timer_initTimerMode  dl_timer.o
    0x000005ac   0x000005ac   0x0000001c   Code   RO          565    .text.DL_Timer_setClockConfig  dl_timer.o
    0x000005c8   0x000005c8   0x00000070   Code   RO          793    .text.Draw_Logo     drv_oled.o
    0x00000638   0x00000638   0x000000e0   Code   RO          787    .text.LCD_P6x8Char  drv_oled.o
    0x00000718   0x00000718   0x00000108   Code   RO          785    .text.LCD_P6x8Str   drv_oled.o
    0x00000820   0x00000820   0x00000092   Code   RO          791    .text.LCD_clear_L   drv_oled.o
    0x000008b2   0x000008b2   0x00000062   Code   RO          781    .text.OLED_Fill     drv_oled.o
    0x00000914   0x00000914   0x00000016   Code   RO          777    .text.OLED_WrCmd    drv_oled.o
    0x0000092a   0x0000092a   0x00000002   PAD
    0x0000092c   0x0000092c   0x00000064   Code   RO         1003    .text.SYSCFG_DL_GPIO_init  ti_msp_dl_config.o
    0x00000990   0x00000990   0x00000054   Code   RO         1009    .text.SYSCFG_DL_I2C_0_init  ti_msp_dl_config.o
    0x000009e4   0x000009e4   0x0000001c   Code   RO         1005    .text.SYSCFG_DL_SYSCTL_init  ti_msp_dl_config.o
    0x00000a00   0x00000a00   0x00000038   Code   RO         1007    .text.SYSCFG_DL_TIMER_0_init  ti_msp_dl_config.o
    0x00000a38   0x00000a38   0x00000018   Code   RO          999    .text.SYSCFG_DL_init  ti_msp_dl_config.o
    0x00000a50   0x00000a50   0x00000040   Code   RO         1001    .text.SYSCFG_DL_initPower  ti_msp_dl_config.o
    0x00000a90   0x00000a90   0x000000ec   Code   RO          965    .text.Straight_left  main.o
    0x00000b7c   0x00000b7c   0x000000d8   Code   RO          963    .text.Straight_right  main.o
    0x00000c54   0x00000c54   0x00000094   Code   RO          973    .text.TIMG0_IRQHandler  main.o
    0x00000ce8   0x00000ce8   0x00000130   Code   RO          969    .text.circle_left   main.o
    0x00000e18   0x00000e18   0x00000210   Code   RO          967    .text.circle_right  main.o
    0x00001028   0x00001028   0x00000008   Code   RO          805    .text.display_6_8_number_f1  drv_oled.o
    0x00001030   0x00001030   0x000000c8   Code   RO          946    .text.i2c0_write_n_byte  drv_i2c.o
    0x000010f8   0x000010f8   0x000001c8   Code   RO          959    .text.key_scan      main.o
    0x000012c0   0x000012c0   0x00000234   Code   RO          971    .text.main          main.o
    0x000014f4   0x000014f4   0x00000024   Code   RO          795    .text.oled_init     drv_oled.o
    0x00001518   0x00001518   0x00000138   Code   RO          826    .text.ssd1306_begin  ssd1306.o
    0x00001650   0x00001650   0x0000029c   Code   RO          803    .text.write_6_8_number_f1  drv_oled.o
    0x000018ec   0x000018ec   0x000001f6   Code   RO         1035    .text_divfast       c_p.l(aeabi_sdivfast.o)
    0x00001ae2   0x00001ae2   0x00000016   Code   RO         1053    i._fgeq             fz_ps.l(fcmp.o)
    0x00001af8   0x00001af8   0x00000016   Code   RO         1056    i._fls              fz_ps.l(fcmp.o)
    0x00001b0e   0x00001b0e   0x00000002   PAD
    0x00001b10   0x00001b10   0x0000008c   Code   RO         1046    x$fpl$fadd          fz_ps.l(faddsub.o)
    0x00001b9c   0x00001b9c   0x00000054   Code   RO         1077    x$fpl$fgeqf         fz_ps.l(fgef.o)
    0x00001bf0   0x00001bf0   0x00000054   Code   RO         1079    x$fpl$fleqf         fz_ps.l(flef.o)
    0x00001c44   0x00001c44   0x000000b0   Code   RO         1068    x$fpl$fmul          fz_ps.l(fmul.o)
    0x00001cf4   0x00001cf4   0x000000d0   Code   RO         1048    x$fpl$fsub          fz_ps.l(faddsub.o)
    0x00001dc4   0x00001dc4   0x00000000   Code   RO         1081    x$fpl$usenofp       fz_ps.l(usenofp.o)
    0x00001dc4   0x00001dc4   0x00000228   Data   RO          807    .rodata.F6x8        drv_oled.o
    0x00001fec   0x00001fec   0x00000400   Data   RO          808    .rodata.NC_Logo     drv_oled.o
    0x000023ec   0x000023ec   0x00000020   Data   RO          990    .rodata.cst16       main.o
    0x0000240c   0x0000240c   0x00000002   Data   RO         1013    .rodata.gI2C_0ClockConfig  ti_msp_dl_config.o
    0x0000240e   0x0000240e   0x00000003   Data   RO         1011    .rodata.gTIMER_0ClockConfig  ti_msp_dl_config.o
    0x00002411   0x00002411   0x00000003   PAD
    0x00002414   0x00002414   0x00000014   Data   RO         1012    .rodata.gTIMER_0TimerConfig  ti_msp_dl_config.o
    0x00002428   0x00002428   0x00000020   Data   RO         1259    Region$$Table       anon$$obj.o


    Execution Region RW_IRAM2 (Exec base: 0x20200000, Load base: 0x00002448, Size: 0x000001a0, Max: 0x00008000, ABSOLUTE)

    Exec Addr    Load Addr    Size         Type   Attr      Idx    E Section Name        Object

    0x20200000   0x00002448   0x00000004   Data   RW          983    .data.buzzer_time   main.o
    0x20200004   0x0000244c   0x00000004   Data   RW          979    .data.circle_distance  main.o
    0x20200008   0x00002450   0x00000002   Data   RW          984    .data.i             main.o
    0x2020000a   0x00002452   0x00000002   PAD
    0x2020000c   0x00002454   0x00000004   Data   RW          975    .data.straight_distance  main.o
    0x20200010   0x00002458   0x00000004   Data   RW          976    .data.straight_turn  main.o
    0x20200014   0x0000245c   0x00000004   Data   RW          977    .data.turn_distance  main.o
    0x20200018        -       0x00000060   Zero   RW         1121    .bss                c_p.l(libspace.o)
    0x20200078        -       0x00000001   Zero   RW          922    .bss.HEIGHT         ssd1306.o
    0x20200079   0x00002460   0x00000001   PAD
    0x2020007a        -       0x00000001   Zero   RW          921    .bss.WIDTH          ssd1306.o
    0x2020007b        -       0x00000001   Zero   RW          930    .bss._cp437         ssd1306.o
    0x2020007c        -       0x00000002   Zero   RW          919    .bss._height        ssd1306.o
    0x2020007e        -       0x00000001   Zero   RW          923    .bss._vccstate      ssd1306.o
    0x2020007f   0x00002460   0x00000001   PAD
    0x20200080        -       0x00000002   Zero   RW          918    .bss._width         ssd1306.o
    0x20200082        -       0x00000001   Zero   RW          988    .bss.corr_flag      main.o
    0x20200083   0x00002460   0x00000001   PAD
    0x20200084        -       0x00000002   Zero   RW          924    .bss.cursor_x       ssd1306.o
    0x20200086        -       0x00000002   Zero   RW          925    .bss.cursor_y       ssd1306.o
    0x20200088        -       0x00000001   Zero   RW          980    .bss.finish_flag    main.o
    0x20200089        -       0x00000001   Zero   RW          948    .bss.i2c0_write_n_byte.temp_reg_dddr  drv_i2c.o
    0x2020008a        -       0x00000001   Zero   RW          985    .bss.j              main.o
    0x2020008b   0x00002460   0x00000001   PAD
    0x2020008c        -       0x00000004   Zero   RW          981    .bss.left_num       main.o
    0x20200090        -       0x00000004   Zero   RW          982    .bss.right_num      main.o
    0x20200094        -       0x00000001   Zero   RW          920    .bss.rotation       ssd1306.o
    0x20200095        -       0x00000001   Zero   RW          987    .bss.task_flag      main.o
    0x20200096        -       0x00000002   Zero   RW          927    .bss.textbgcolor    ssd1306.o
    0x20200098        -       0x00000002   Zero   RW          928    .bss.textcolor      ssd1306.o
    0x2020009a        -       0x00000001   Zero   RW          926    .bss.textsize       ssd1306.o
    0x2020009b        -       0x00000001   Zero   RW          929    .bss.wrap           ssd1306.o
    0x2020009c   0x00002460   0x00000004   PAD
    0x202000a0        -       0x00000000   Zero   RW         1022    HEAP                startup_mspm0g350x_uvision.o
    0x202000a0        -       0x00000100   Zero   RW         1021    STACK               startup_mspm0g350x_uvision.o



  Load Region LR_BCR (Base: 0x41c00000, Size: 0x00000000, Max: 0x00000100, ABSOLUTE)

    Execution Region BCR_CONFIG (Exec base: 0x41c00000, Load base: 0x41c00000, Size: 0x00000000, Max: 0x00000080, ABSOLUTE)

    **** No section assigned to this execution region ****



  Load Region LR_BSL (Base: 0x41c00100, Size: 0x00000000, Max: 0x00000100, ABSOLUTE)

    Execution Region BSL_CONFIG (Exec base: 0x41c00100, Load base: 0x41c00100, Size: 0x00000000, Max: 0x00000080, ABSOLUTE)

    **** No section assigned to this execution region ****


==============================================================================

Image component sizes


      Code (inc. data)   RO Data    RW Data    ZI Data      Debug   Object Name

        10          0          0          0          0        684   dl_common.o
       234          4          0          0          0       9580   dl_i2c.o
       260        156          0          0          0      36400   dl_timer.o
       200         20          0          0          1       5124   drv_i2c.o
      1578         72       1576          0          0       9925   drv_oled.o
      2452        236         32         22         12      12598   main.o
       312         52          0          0         19      33318   ssd1306.o
        44         18        192          0        256        744   startup_mspm0g350x_uvision.o
       356         84         25          0          0      23266   ti_msp_dl_config.o

    ----------------------------------------------------------------------
      5450        642       1860         24        296     131639   Object Totals
         0          0         32          0          0          0   (incl. Generated)
         4          0          3          2          8          0   (incl. Padding)

    ----------------------------------------------------------------------

      Code (inc. data)   RO Data    RW Data    ZI Data      Debug   Library Member Name

         8          0          0          0          0         68   __main.o
         0          0          0          0          0          0   __rtentry.o
        12          0          0          0          0          0   __rtentry2.o
         6          0          0          0          0          0   __rtentry4.o
        86         10          0          0          0          0   __scatter.o
        26          0          0          0          0          0   __scatter_copy.o
        28          0          0          0          0          0   __scatter_zi.o
       502          0          0          0          0         92   aeabi_sdivfast.o
        16          0          0          0          0         68   exit.o
         6          0          0          0          0        136   heapauxi.o
         0          0          0          0          0          0   indicate_semi.o
         2          0          0          0          0          0   libinit.o
         2          0          0          0          0          0   libinit2.o
         2          0          0          0          0          0   libshutdown.o
         2          0          0          0          0          0   libshutdown2.o
         8          4          0          0         96         68   libspace.o
         2          0          0          0          0          0   rtexit.o
        10          0          0          0          0          0   rtexit2.o
        12          4          0          0          0         60   sys_exit.o
        62          0          0          0          0         80   sys_stackheap_outer.o
         2          0          0          0          0         68   use_no_semi.o
        46          0          0          0          0         60   cmpret.o
       348          8          0          0          0        160   faddsub.o
        44          0          0          0          0        136   fcmp.o
       100          4          0          0          0         68   fcmpin.o
        76          0          0          0          0         68   ffixi.o
        94          0          0          0          0         92   fflti.o
        84          4          0          0          0         76   fgef.o
        84          4          0          0          0         76   flef.o
       176          4          0          0          0         80   fmul.o
        16          6          0          0          0         68   fnan2.o
        94          0          0          0          0         68   retnan.o
         0          0          0          0          0          0   usenofp.o

    ----------------------------------------------------------------------
      1978         52          0          0         96       1592   Library Totals
        22          4          0          0          0          0   (incl. Padding)

    ----------------------------------------------------------------------

      Code (inc. data)   RO Data    RW Data    ZI Data      Debug   Library Name

       794         18          0          0         96        640   c_p.l
      1162         30          0          0          0        952   fz_ps.l

    ----------------------------------------------------------------------
      1978         52          0          0         96       1592   Library Totals

    ----------------------------------------------------------------------

==============================================================================


      Code (inc. data)   RO Data    RW Data    ZI Data      Debug   

      7428        694       1860         24        392     132403   Grand Totals
      7428        694       1860         24        392     132403   ELF Image Totals
      7428        694       1860         24          0          0   ROM Totals

==============================================================================

    Total RO  Size (Code + RO Data)                 9288 (   9.07kB)
    Total RW  Size (RW Data + ZI Data)               416 (   0.41kB)
    Total ROM Size (Code + RO Data + RW Data)       9312 (   9.09kB)

==============================================================================

