<html>
<body>
<pre>
<h1>µVision Build Log</h1>
<h2>Tool Versions:</h2>
IDE-Version: ¦ÌVision V5.39.0.0
Copyright (C) 2023 ARM Ltd and ARM Germany GmbH. All rights reserved.
License Information: yu ain, cuq], LIC=47GU5-GGL46-MM69I-TIRBM-7AGNF-2FDIN
 
Tool Versions:
Toolchain:       MDK-ARM Plus  Version: 5.39.0.0
Toolchain Path:  C:\Keil_v5\ARM\ARMCLANG\Bin
C Compiler:      ArmClang.exe V6.21
Assembler:       Armasm.exe V6.21
Linker/Locator:  ArmLink.exe V6.21
Library Manager: ArmAr.exe V6.21
Hex Converter:   FromElf.exe V6.21
CPU DLL:         SARMCM3.DLL V5.39.0.0
Dialog DLL:      DARMCM1.DLL V1.19.6.0
Target DLL:      UL2CM3.DLL V1.164.9.0
Dialog DLL:      TARMCM1.DLL V1.14.6.0
 
<h2>Project:</h2>
C:\Users\Rainfish\Desktop\lp_mspm0g3507_mini_examples1\lp_mspm0g3507_mini_examples\examples\6_timer_period\keil\timer_period.uvprojx
Project File Date:  07/30/2024

<h2>Output:</h2>
*** Using Compiler 'V6.21', folder: 'C:\Keil_v5\ARM\ARMCLANG\Bin'
Build target 'timer_period'
assembling startup_mspm0g350x_uvision.s...
compiling glcdfont.c...
compiling drv_i2c.c...
compiling ti_msp_dl_config.c...
compiling main.c...
compiling drv_oled.c...
compiling ssd1306.c...
linking...
Program Size: Code=7428 RO-data=1860 RW-data=24 ZI-data=392  
FromELF: creating hex file...
".\Objects\ncontroller.axf" - 0 Error(s), 0 Warning(s).

<h2>Software Packages used:</h2>

Package Vendor: TexasInstruments
                https://software-dl.ti.com/msp430/esd/MSPM0-CMSIS/MSPM0G1X0X_G3X0X/latest/exports/TexasInstruments.MSPM0G1X0X_G3X0X_DFP.1.3.0.pack
                TexasInstruments::MSPM0G1X0X_G3X0X_DFP@1.3.0
                Device Family Pack for Texas Instruments MSPM0G1X0X_G3X0X Series

<h2>Collection of Component include folders:</h2>

<h2>Collection of Component Files used:</h2>
Build Time Elapsed:  00:00:01
</pre>
</body>
</html>
